******************************************************************************
                  TI ARM Linker PC v18.1.2                     
******************************************************************************
>> Linked Fri Feb 22 13:57:45 2019

OUTPUT FILE NAME:   <Lab4.out>
ENTRY POINT SYMBOL: "_c_int00_noargs"  address: 00002559


MEMORY CONFIGURATION

         name            origin    length      used     unused   attr    fill
----------------------  --------  ---------  --------  --------  ----  --------
  FLASH                 00000000   00040000  00002866  0003d79a  R  X
  SRAM                  20000000   00008000  00001059  00006fa7  RW X


SEGMENT ALLOCATION MAP

run origin  load origin   length   init length attrs members
----------  ----------- ---------- ----------- ----- -------
00000000    00000000    00002868   00002868    r-x
  00000000    00000000    0000026c   0000026c    r-- .intvecs
  0000026c    0000026c    000024ac   000024ac    r-x .text
  00002718    00002718    0000011e   0000011e    r-- .const
  00002838    00002838    00000030   00000030    r-- .cinit
20000000    20000000    00001059   00000000    rw-
  20000000    20000000    00001000   00000000    rw- .stack
  20001000    20001000    00000054   00000000    rw- .bss
  20001054    20001054    00000005   00000000    rw- .data


SECTION ALLOCATION MAP

 output                                  attributes/
section   page    origin      length       input sections
--------  ----  ----------  ----------   ----------------
.intvecs   0    00000000    0000026c     
                  00000000    0000026c     tm4c123gh6pm_startup_ccs.obj (.intvecs)

.text      0    0000026c    000024ac     
                  0000026c    00000a5e     rtsv7M4_T_le_v4SPD16_eabi.lib : _printfi.c.obj (.text:__TI_printfi)
                  00000cca    00000002                                   : div0.asm.obj (.text)
                  00000ccc    000003bc     lcd.obj (.text)
                  00001088    00000270     rtsv7M4_T_le_v4SPD16_eabi.lib : _printfi.c.obj (.text:_pconv_a)
                  000012f8    000001d0                                   : _printfi.c.obj (.text:_pconv_g)
                  000014c8    000001b6                                   : fd_add_t2.asm.obj (.text)
                  0000167e    00000002     --HOLE-- [fill = 0]
                  00001680    00000158     timer.obj (.text)
                  000017d8    0000013c     rtsv7M4_T_le_v4SPD16_eabi.lib : _printfi.c.obj (.text:_pconv_e)
                  00001914    00000136                                   : fd_div_t2.asm.obj (.text)
                  00001a4a    00000002     --HOLE-- [fill = 0]
                  00001a4c    00000120                                   : _printfi.c.obj (.text:fcvt)
                  00001b6c    00000110                                   : s_scalbn.c.obj (.text:scalbn)
                  00001c7c    000000fc                                   : fd_mul_t2.asm.obj (.text)
                  00001d78    000000e8     uart.obj (.text)
                  00001e60    000000b1     rtsv7M4_T_le_v4SPD16_eabi.lib : _printfi.c.obj (.text:_ltostr)
                  00001f11    00000001     --HOLE-- [fill = 0]
                  00001f12    0000009c                                   : memcpy_t2.asm.obj (.text)
                  00001fae    00000096                                   : ull_div_t2.asm.obj (.text)
                  00002044    00000086                                   : fd_cmp_t2.asm.obj (.text:__aeabi_cdcmple)
                  000020ca    00000086                                   : fd_cmp_t2.asm.obj (.text:__aeabi_cdrcmple)
                  00002150    0000007a                                   : memset_t2.asm.obj (.text)
                  000021ca    0000006e                                   : _printfi.c.obj (.text:_mcpy)
                  00002238    00000068                                   : copy_decompress_lzss.c.obj (.text:decompress:lzss:__TI_decompress_lzss)
                  000022a0    00000064                                   : s_frexp.c.obj (.text:frexp)
                  00002304    00000056                                   : _printfi.c.obj (.text:_pconv_f)
                  0000235a    00000054                                   : ltoa.c.obj (.text:ltoa)
                  000023ae    00000052                                   : _printfi.c.obj (.text:_ecpy)
                  00002400    0000004c                                   : atoi.c.obj (.text:atoi)
                  0000244c    00000048                                   : fd_toi_t2.asm.obj (.text)
                  00002494    00000044                                   : autoinit.c.obj (.text:__TI_auto_init_nobinit_nopinit:__TI_auto_init_nobinit_nopinit)
                  000024d8    00000040                                   : vsnprintf.c.obj (.text:vsnprintf)
                  00002518    0000003e                                   : _printfi.c.obj (.text:_fcpy)
                  00002556    00000002     --HOLE-- [fill = 0]
                  00002558    00000038                                   : boot_cortex_m.c.obj (.text:_c_int00_noargs:_c_int00_noargs)
                  00002590    00000030                                   : vsnprintf.c.obj (.text:_outs)
                  000025c0    0000002e     l4_main.obj (.text)
                  000025ee    0000002e     rtsv7M4_T_le_v4SPD16_eabi.lib : i_tofd_t2.asm.obj (.text)
                  0000261c    0000001c                                   : memccpy.c.obj (.text:memccpy)
                  00002638    00000018                                   : vsnprintf.c.obj (.text:_outc)
                  00002650    00000018                                   : strcmp.c.obj (.text:strcmp)
                  00002668    00000016                                   : strchr.c.obj (.text:strchr)
                  0000267e    00000014                                   : s_copysign.c.obj (.text:copysign)
                  00002692    00000014                                   : strcpy.c.obj (.text:strcpy)
                  000026a6    00000014                                   : strlen.c.obj (.text:strlen)
                  000026ba    00000012                                   : copy_zero_init.c.obj (.text:decompress:ZI:__TI_zero_init_nomemset:__TI_zero_init_nomemset)
                  000026cc    00000012                                   : wcslen.c.obj (.text:wcslen)
                  000026de    00000010     lcd.obj (.text:lcd_clear)
                  000026ee    0000000e     rtsv7M4_T_le_v4SPD16_eabi.lib : copy_decompress_none.c.obj (.text:decompress:none:__TI_decompress_none)
                  000026fc    0000000c     tm4c123gh6pm_startup_ccs.obj (.text)
                  00002708    00000008     rtsv7M4_T_le_v4SPD16_eabi.lib : errno.c.obj (.text:__aeabi_errno_addr)
                  00002710    00000004                                   : pre_init.c.obj (.text:_system_pre_init)
                  00002714    00000004                                   : exit.c.obj (.text:abort:abort)

.const     0    00002718    0000011e     
                  00002718    00000101     rtsv7M4_T_le_v4SPD16_eabi.lib : ctype.c.obj (.const:.string:_ctypes_)
                  00002819    00000015     lcd.obj (.const:.string:$P$T0$4)
                  0000282e    00000004     lcd.obj (.const:.string:lineAddress$1)
                  00002832    00000004     lcd.obj (.const:.string:lineAddresses$2)

.cinit     0    00002838    00000030     
                  00002838    0000000c     (__TI_handler_table)
                  00002844    00000004     --HOLE-- [fill = 0]
                  00002848    00000008     (.cinit..bss.load) [load image, compression = zero_init]
                  00002850    00000007     (.cinit..data.load) [load image, compression = lzss]
                  00002857    00000001     --HOLE-- [fill = 0]
                  00002858    00000010     (__TI_cinit_table)

.init_array 
*          0    00000000    00000000     UNINITIALIZED

.bss       0    20001000    00000054     UNINITIALIZED
                  20001000    00000054     lcd.obj (.bss:lastbuffer$3)

.data      0    20001054    00000005     UNINITIALIZED
                  20001054    00000004     rtsv7M4_T_le_v4SPD16_eabi.lib : errno.c.obj (.data)
                  20001058    00000001     uart.obj (.data)

.stack     0    20000000    00001000     UNINITIALIZED
                  20000000    00000004     rtsv7M4_T_le_v4SPD16_eabi.lib : boot_cortex_m.c.obj (.stack)
                  20000004    00000ffc     --HOLE--

MODULE SUMMARY

       Module                         code   ro data   rw data
       ------                         ----   -------   -------
    .\
       lcd.obj                        972    29        84     
       tm4c123gh6pm_startup_ccs.obj   12     620       0      
       timer.obj                      344    0         0      
       uart.obj                       232    0         1      
       l4_main.obj                    46     0         0      
    +--+------------------------------+------+---------+---------+
       Total:                         1606   649       85     
                                                              
    C:\ti\ccsv8\tools\compiler\ti-cgt-arm_18.1.2.LTS\lib\rtsv7M4_T_le_v4SPD16_eabi.lib
       _printfi.c.obj                 4863   0         0      
       fd_add_t2.asm.obj              438    0         0      
       fd_div_t2.asm.obj              310    0         0      
       s_scalbn.c.obj                 272    0         0      
       fd_cmp_t2.asm.obj              268    0         0      
       ctype.c.obj                    0      257       0      
       fd_mul_t2.asm.obj              252    0         0      
       memcpy_t2.asm.obj              156    0         0      
       ull_div_t2.asm.obj             150    0         0      
       vsnprintf.c.obj                136    0         0      
       memset_t2.asm.obj              122    0         0      
       copy_decompress_lzss.c.obj     104    0         0      
       s_frexp.c.obj                  100    0         0      
       ltoa.c.obj                     84     0         0      
       atoi.c.obj                     76     0         0      
       fd_toi_t2.asm.obj              72     0         0      
       autoinit.c.obj                 68     0         0      
       boot_cortex_m.c.obj            56     0         0      
       i_tofd_t2.asm.obj              46     0         0      
       memccpy.c.obj                  28     0         0      
       strcmp.c.obj                   24     0         0      
       strchr.c.obj                   22     0         0      
       s_copysign.c.obj               20     0         0      
       strcpy.c.obj                   20     0         0      
       strlen.c.obj                   20     0         0      
       copy_zero_init.c.obj           18     0         0      
       wcslen.c.obj                   18     0         0      
       copy_decompress_none.c.obj     14     0         0      
       errno.c.obj                    8      0         4      
       exit.c.obj                     4      0         0      
       pre_init.c.obj                 4      0         0      
       div0.asm.obj                   2      0         0      
    +--+------------------------------+------+---------+---------+
       Total:                         7775   257       4      
                                                              
       Stack:                         0      0         4096   
       Linker Generated:              0      43        0      
    +--+------------------------------+------+---------+---------+
       Grand Total:                   9381   949       4185   


LINKER GENERATED COPY TABLES

__TI_cinit_table @ 00002858 records: 2, size/record: 8, table size: 16
	.bss: load addr=00002848, load size=00000008 bytes, run addr=20001000, run size=00000054 bytes, compression=zero_init
	.data: load addr=00002850, load size=00000007 bytes, run addr=20001054, run size=00000005 bytes, compression=lzss


LINKER GENERATED HANDLER TABLE

__TI_handler_table @ 00002838 records: 3, size/record: 4, table size: 12
	index: 0, handler: __TI_decompress_lzss
	index: 1, handler: __TI_decompress_none
	index: 2, handler: __TI_zero_init


GLOBAL SYMBOLS: SORTED ALPHABETICALLY BY Name 

address   name                          
-------   ----                          
00002715  C$$EXIT                       
000026fd  ResetISR                      
20001000  __STACK_END                   
00001000  __STACK_SIZE                  
20000200  __STACK_TOP                   
00002858  __TI_CINIT_Base               
00002868  __TI_CINIT_Limit              
00002838  __TI_Handler_Table_Base       
00002844  __TI_Handler_Table_Limit      
00002495  __TI_auto_init_nobinit_nopinit
00002239  __TI_decompress_lzss          
000026ef  __TI_decompress_none          
ffffffff  __TI_pprof_out_hndl           
0000026d  __TI_printfi                  
ffffffff  __TI_prof_data_size           
ffffffff  __TI_prof_data_start          
00000000  __TI_static_base__            
000026bb  __TI_zero_init_nomemset       
00002045  __aeabi_cdcmpeq               
00002045  __aeabi_cdcmple               
000020cb  __aeabi_cdrcmple              
0000244d  __aeabi_d2iz                  
000014d3  __aeabi_dadd                  
00001915  __aeabi_ddiv                  
00001c7d  __aeabi_dmul                  
000014c9  __aeabi_dsub                  
00002709  __aeabi_errno_addr            
000025ef  __aeabi_i2d                   
00000ccb  __aeabi_idiv0                 
00000ccb  __aeabi_ldiv0                 
00002151  __aeabi_memclr                
00002151  __aeabi_memclr4               
00002151  __aeabi_memclr8               
00001f13  __aeabi_memcpy                
00001f13  __aeabi_memcpy4               
00001f13  __aeabi_memcpy8               
00002153  __aeabi_memset                
00002153  __aeabi_memset4               
00002153  __aeabi_memset8               
00001faf  __aeabi_uldivmod              
ffffffff  __binit__                     
ffffffff  __c_args__                    
UNDEFED   __mpu_init                    
20000000  __stack                       
00002559  _c_int00_noargs               
00002718  _ctypes_                      
UNDEFED   _system_post_cinit            
00002711  _system_pre_init              
00002715  abort                         
00002401  atoi                          
ffffffff  binit                         
0000267f  copysign                      
0000267f  copysignl                     
20001054  errno                         
000022a1  frexp                         
000022a1  frexpl                        
00000000  g_pfnVectors                  
000026df  lcd_clear                     
00000e65  lcd_gotoLine                  
00000ccd  lcd_init                      
00000ecb  lcd_printf                    
00000d8d  lcd_putc                      
00000dc5  lcd_puts                      
00000f99  lcd_rotatingBanner            
00000de3  lcd_sendCommand               
00000e21  lcd_sendNibble                
00000e8d  lcd_setCursorPos              
00001b6d  ldexp                         
00001b6d  ldexpl                        
0000235b  ltoa                          
000025c1  main                          
0000261d  memccpy                       
00001f13  memcpy                        
00002159  memset                        
00001b6d  scalbn                        
00001b6d  scalbnl                       
00001021  shift_left                    
00002669  strchr                        
00002651  strcmp                        
00002693  strcpy                        
000026a7  strlen                        
00001791  timer_getClock                
00001745  timer_startClock              
000016df  timer_startTimer              
00001797  timer_stopClock               
0000172f  timer_stopTimer               
000016b5  timer_waitMicros              
00001681  timer_waitMillis              
00001d79  uart_init                     
00001e09  uart_receive                  
00001dfd  uart_sendChar                 
000024d9  vsnprintf                     
000026cd  wcslen                        


GLOBAL SYMBOLS: SORTED BY Symbol Address 

address   name                          
-------   ----                          
00000000  __TI_static_base__            
00000000  g_pfnVectors                  
0000026d  __TI_printfi                  
00000ccb  __aeabi_idiv0                 
00000ccb  __aeabi_ldiv0                 
00000ccd  lcd_init                      
00000d8d  lcd_putc                      
00000dc5  lcd_puts                      
00000de3  lcd_sendCommand               
00000e21  lcd_sendNibble                
00000e65  lcd_gotoLine                  
00000e8d  lcd_setCursorPos              
00000ecb  lcd_printf                    
00000f99  lcd_rotatingBanner            
00001000  __STACK_SIZE                  
00001021  shift_left                    
000014c9  __aeabi_dsub                  
000014d3  __aeabi_dadd                  
00001681  timer_waitMillis              
000016b5  timer_waitMicros              
000016df  timer_startTimer              
0000172f  timer_stopTimer               
00001745  timer_startClock              
00001791  timer_getClock                
00001797  timer_stopClock               
00001915  __aeabi_ddiv                  
00001b6d  ldexp                         
00001b6d  ldexpl                        
00001b6d  scalbn                        
00001b6d  scalbnl                       
00001c7d  __aeabi_dmul                  
00001d79  uart_init                     
00001dfd  uart_sendChar                 
00001e09  uart_receive                  
00001f13  __aeabi_memcpy                
00001f13  __aeabi_memcpy4               
00001f13  __aeabi_memcpy8               
00001f13  memcpy                        
00001faf  __aeabi_uldivmod              
00002045  __aeabi_cdcmpeq               
00002045  __aeabi_cdcmple               
000020cb  __aeabi_cdrcmple              
00002151  __aeabi_memclr                
00002151  __aeabi_memclr4               
00002151  __aeabi_memclr8               
00002153  __aeabi_memset                
00002153  __aeabi_memset4               
00002153  __aeabi_memset8               
00002159  memset                        
00002239  __TI_decompress_lzss          
000022a1  frexp                         
000022a1  frexpl                        
0000235b  ltoa                          
00002401  atoi                          
0000244d  __aeabi_d2iz                  
00002495  __TI_auto_init_nobinit_nopinit
000024d9  vsnprintf                     
00002559  _c_int00_noargs               
000025c1  main                          
000025ef  __aeabi_i2d                   
0000261d  memccpy                       
00002651  strcmp                        
00002669  strchr                        
0000267f  copysign                      
0000267f  copysignl                     
00002693  strcpy                        
000026a7  strlen                        
000026bb  __TI_zero_init_nomemset       
000026cd  wcslen                        
000026df  lcd_clear                     
000026ef  __TI_decompress_none          
000026fd  ResetISR                      
00002709  __aeabi_errno_addr            
00002711  _system_pre_init              
00002715  C$$EXIT                       
00002715  abort                         
00002718  _ctypes_                      
00002838  __TI_Handler_Table_Base       
00002844  __TI_Handler_Table_Limit      
00002858  __TI_CINIT_Base               
00002868  __TI_CINIT_Limit              
20000000  __stack                       
20000200  __STACK_TOP                   
20001000  __STACK_END                   
20001054  errno                         
ffffffff  __TI_pprof_out_hndl           
ffffffff  __TI_prof_data_size           
ffffffff  __TI_prof_data_start          
ffffffff  __binit__                     
ffffffff  __c_args__                    
ffffffff  binit                         
UNDEFED   __mpu_init                    
UNDEFED   _system_post_cinit            

[93 symbols]
