<?xml version="1.0" encoding="ISO-8859-1" ?>
<link_info>
   <banner>TI ARM Linker PC v18.1.2.LTS</banner>
   <copyright>Copyright (c) 1996-2017 Texas Instruments Incorporated</copyright>
   <link_time>0x5c705439</link_time>
   <link_errors>0x0</link_errors>
   <output_file>Lab4.out</output_file>
   <entry_point>
      <name>_c_int00_noargs</name>
      <address>0x2559</address>
   </entry_point>
   <input_file_list>
      <input_file id="fl-2">
         <path>.\</path>
         <kind>object</kind>
         <file>l4_main.obj</file>
         <name>l4_main.obj</name>
      </input_file>
      <input_file id="fl-3">
         <path>.\</path>
         <kind>object</kind>
         <file>lcd.obj</file>
         <name>lcd.obj</name>
      </input_file>
      <input_file id="fl-4">
         <path>.\</path>
         <kind>object</kind>
         <file>timer.obj</file>
         <name>timer.obj</name>
      </input_file>
      <input_file id="fl-5">
         <path>.\</path>
         <kind>object</kind>
         <file>tm4c123gh6pm_startup_ccs.obj</file>
         <name>tm4c123gh6pm_startup_ccs.obj</name>
      </input_file>
      <input_file id="fl-6">
         <path>.\</path>
         <kind>object</kind>
         <file>uart.obj</file>
         <name>uart.obj</name>
      </input_file>
      <input_file id="fl-b">
         <kind>object</kind>
         <file>&lt;internal&gt;</file>
         <name>&lt;internal&gt;</name>
      </input_file>
      <input_file id="fl-c1">
         <path>C:\ti\ccsv8\tools\compiler\ti-cgt-arm_18.1.2.LTS\lib\</path>
         <kind>archive</kind>
         <file>rtsv7M4_T_le_v4SPD16_eabi.lib</file>
         <name>memcpy_t2.asm.obj</name>
      </input_file>
      <input_file id="fl-c2">
         <path>C:\ti\ccsv8\tools\compiler\ti-cgt-arm_18.1.2.LTS\lib\</path>
         <kind>archive</kind>
         <file>rtsv7M4_T_le_v4SPD16_eabi.lib</file>
         <name>copy_zero_init.c.obj</name>
      </input_file>
      <input_file id="fl-c3">
         <path>C:\ti\ccsv8\tools\compiler\ti-cgt-arm_18.1.2.LTS\lib\</path>
         <kind>archive</kind>
         <file>rtsv7M4_T_le_v4SPD16_eabi.lib</file>
         <name>copy_decompress_none.c.obj</name>
      </input_file>
      <input_file id="fl-c4">
         <path>C:\ti\ccsv8\tools\compiler\ti-cgt-arm_18.1.2.LTS\lib\</path>
         <kind>archive</kind>
         <file>rtsv7M4_T_le_v4SPD16_eabi.lib</file>
         <name>copy_decompress_lzss.c.obj</name>
      </input_file>
      <input_file id="fl-c5">
         <path>C:\ti\ccsv8\tools\compiler\ti-cgt-arm_18.1.2.LTS\lib\</path>
         <kind>archive</kind>
         <file>rtsv7M4_T_le_v4SPD16_eabi.lib</file>
         <name>boot_cortex_m.c.obj</name>
      </input_file>
      <input_file id="fl-c6">
         <path>C:\ti\ccsv8\tools\compiler\ti-cgt-arm_18.1.2.LTS\lib\</path>
         <kind>archive</kind>
         <file>rtsv7M4_T_le_v4SPD16_eabi.lib</file>
         <name>exit.c.obj</name>
      </input_file>
      <input_file id="fl-c7">
         <path>C:\ti\ccsv8\tools\compiler\ti-cgt-arm_18.1.2.LTS\lib\</path>
         <kind>archive</kind>
         <file>rtsv7M4_T_le_v4SPD16_eabi.lib</file>
         <name>_lock.c.obj</name>
      </input_file>
      <input_file id="fl-c8">
         <path>C:\ti\ccsv8\tools\compiler\ti-cgt-arm_18.1.2.LTS\lib\</path>
         <kind>archive</kind>
         <file>rtsv7M4_T_le_v4SPD16_eabi.lib</file>
         <name>args_main.c.obj</name>
      </input_file>
      <input_file id="fl-c9">
         <path>C:\ti\ccsv8\tools\compiler\ti-cgt-arm_18.1.2.LTS\lib\</path>
         <kind>archive</kind>
         <file>rtsv7M4_T_le_v4SPD16_eabi.lib</file>
         <name>strcmp.c.obj</name>
      </input_file>
      <input_file id="fl-ca">
         <path>C:\ti\ccsv8\tools\compiler\ti-cgt-arm_18.1.2.LTS\lib\</path>
         <kind>archive</kind>
         <file>rtsv7M4_T_le_v4SPD16_eabi.lib</file>
         <name>strcpy.c.obj</name>
      </input_file>
      <input_file id="fl-cb">
         <path>C:\ti\ccsv8\tools\compiler\ti-cgt-arm_18.1.2.LTS\lib\</path>
         <kind>archive</kind>
         <file>rtsv7M4_T_le_v4SPD16_eabi.lib</file>
         <name>strlen.c.obj</name>
      </input_file>
      <input_file id="fl-cc">
         <path>C:\ti\ccsv8\tools\compiler\ti-cgt-arm_18.1.2.LTS\lib\</path>
         <kind>archive</kind>
         <file>rtsv7M4_T_le_v4SPD16_eabi.lib</file>
         <name>vsnprintf.c.obj</name>
      </input_file>
      <input_file id="fl-cd">
         <path>C:\ti\ccsv8\tools\compiler\ti-cgt-arm_18.1.2.LTS\lib\</path>
         <kind>archive</kind>
         <file>rtsv7M4_T_le_v4SPD16_eabi.lib</file>
         <name>memset_t2.asm.obj</name>
      </input_file>
      <input_file id="fl-ce">
         <path>C:\ti\ccsv8\tools\compiler\ti-cgt-arm_18.1.2.LTS\lib\</path>
         <kind>archive</kind>
         <file>rtsv7M4_T_le_v4SPD16_eabi.lib</file>
         <name>autoinit.c.obj</name>
      </input_file>
      <input_file id="fl-cf">
         <path>C:\ti\ccsv8\tools\compiler\ti-cgt-arm_18.1.2.LTS\lib\</path>
         <kind>archive</kind>
         <file>rtsv7M4_T_le_v4SPD16_eabi.lib</file>
         <name>pre_init.c.obj</name>
      </input_file>
      <input_file id="fl-d0">
         <path>C:\ti\ccsv8\tools\compiler\ti-cgt-arm_18.1.2.LTS\lib\</path>
         <kind>archive</kind>
         <file>rtsv7M4_T_le_v4SPD16_eabi.lib</file>
         <name>cpy_tbl.c.obj</name>
      </input_file>
      <input_file id="fl-d1">
         <path>C:\ti\ccsv8\tools\compiler\ti-cgt-arm_18.1.2.LTS\lib\</path>
         <kind>archive</kind>
         <file>rtsv7M4_T_le_v4SPD16_eabi.lib</file>
         <name>_printfi.c.obj</name>
      </input_file>
      <input_file id="fl-d2">
         <path>C:\ti\ccsv8\tools\compiler\ti-cgt-arm_18.1.2.LTS\lib\</path>
         <kind>archive</kind>
         <file>rtsv7M4_T_le_v4SPD16_eabi.lib</file>
         <name>atoi.c.obj</name>
      </input_file>
      <input_file id="fl-d3">
         <path>C:\ti\ccsv8\tools\compiler\ti-cgt-arm_18.1.2.LTS\lib\</path>
         <kind>archive</kind>
         <file>rtsv7M4_T_le_v4SPD16_eabi.lib</file>
         <name>ctype.c.obj</name>
      </input_file>
      <input_file id="fl-d4">
         <path>C:\ti\ccsv8\tools\compiler\ti-cgt-arm_18.1.2.LTS\lib\</path>
         <kind>archive</kind>
         <file>rtsv7M4_T_le_v4SPD16_eabi.lib</file>
         <name>ltoa.c.obj</name>
      </input_file>
      <input_file id="fl-d5">
         <path>C:\ti\ccsv8\tools\compiler\ti-cgt-arm_18.1.2.LTS\lib\</path>
         <kind>archive</kind>
         <file>rtsv7M4_T_le_v4SPD16_eabi.lib</file>
         <name>memccpy.c.obj</name>
      </input_file>
      <input_file id="fl-d6">
         <path>C:\ti\ccsv8\tools\compiler\ti-cgt-arm_18.1.2.LTS\lib\</path>
         <kind>archive</kind>
         <file>rtsv7M4_T_le_v4SPD16_eabi.lib</file>
         <name>strchr.c.obj</name>
      </input_file>
      <input_file id="fl-d7">
         <path>C:\ti\ccsv8\tools\compiler\ti-cgt-arm_18.1.2.LTS\lib\</path>
         <kind>archive</kind>
         <file>rtsv7M4_T_le_v4SPD16_eabi.lib</file>
         <name>s_frexp.c.obj</name>
      </input_file>
      <input_file id="fl-d8">
         <path>C:\ti\ccsv8\tools\compiler\ti-cgt-arm_18.1.2.LTS\lib\</path>
         <kind>archive</kind>
         <file>rtsv7M4_T_le_v4SPD16_eabi.lib</file>
         <name>s_scalbn.c.obj</name>
      </input_file>
      <input_file id="fl-d9">
         <path>C:\ti\ccsv8\tools\compiler\ti-cgt-arm_18.1.2.LTS\lib\</path>
         <kind>archive</kind>
         <file>rtsv7M4_T_le_v4SPD16_eabi.lib</file>
         <name>s_copysign.c.obj</name>
      </input_file>
      <input_file id="fl-da">
         <path>C:\ti\ccsv8\tools\compiler\ti-cgt-arm_18.1.2.LTS\lib\</path>
         <kind>archive</kind>
         <file>rtsv7M4_T_le_v4SPD16_eabi.lib</file>
         <name>wcslen.c.obj</name>
      </input_file>
      <input_file id="fl-db">
         <path>C:\ti\ccsv8\tools\compiler\ti-cgt-arm_18.1.2.LTS\lib\</path>
         <kind>archive</kind>
         <file>rtsv7M4_T_le_v4SPD16_eabi.lib</file>
         <name>fd_add_t2.asm.obj</name>
      </input_file>
      <input_file id="fl-dc">
         <path>C:\ti\ccsv8\tools\compiler\ti-cgt-arm_18.1.2.LTS\lib\</path>
         <kind>archive</kind>
         <file>rtsv7M4_T_le_v4SPD16_eabi.lib</file>
         <name>fd_cmp_t2.asm.obj</name>
      </input_file>
      <input_file id="fl-dd">
         <path>C:\ti\ccsv8\tools\compiler\ti-cgt-arm_18.1.2.LTS\lib\</path>
         <kind>archive</kind>
         <file>rtsv7M4_T_le_v4SPD16_eabi.lib</file>
         <name>fd_div_t2.asm.obj</name>
      </input_file>
      <input_file id="fl-de">
         <path>C:\ti\ccsv8\tools\compiler\ti-cgt-arm_18.1.2.LTS\lib\</path>
         <kind>archive</kind>
         <file>rtsv7M4_T_le_v4SPD16_eabi.lib</file>
         <name>fd_mul_t2.asm.obj</name>
      </input_file>
      <input_file id="fl-df">
         <path>C:\ti\ccsv8\tools\compiler\ti-cgt-arm_18.1.2.LTS\lib\</path>
         <kind>archive</kind>
         <file>rtsv7M4_T_le_v4SPD16_eabi.lib</file>
         <name>fd_toi_t2.asm.obj</name>
      </input_file>
      <input_file id="fl-e0">
         <path>C:\ti\ccsv8\tools\compiler\ti-cgt-arm_18.1.2.LTS\lib\</path>
         <kind>archive</kind>
         <file>rtsv7M4_T_le_v4SPD16_eabi.lib</file>
         <name>i_tofd_t2.asm.obj</name>
      </input_file>
      <input_file id="fl-e1">
         <path>C:\ti\ccsv8\tools\compiler\ti-cgt-arm_18.1.2.LTS\lib\</path>
         <kind>archive</kind>
         <file>rtsv7M4_T_le_v4SPD16_eabi.lib</file>
         <name>ull_div_t2.asm.obj</name>
      </input_file>
      <input_file id="fl-e2">
         <path>C:\ti\ccsv8\tools\compiler\ti-cgt-arm_18.1.2.LTS\lib\</path>
         <kind>archive</kind>
         <file>rtsv7M4_T_le_v4SPD16_eabi.lib</file>
         <name>errno.c.obj</name>
      </input_file>
      <input_file id="fl-e3">
         <path>C:\ti\ccsv8\tools\compiler\ti-cgt-arm_18.1.2.LTS\lib\</path>
         <kind>archive</kind>
         <file>rtsv7M4_T_le_v4SPD16_eabi.lib</file>
         <name>div0.asm.obj</name>
      </input_file>
   </input_file_list>
   <object_component_list>
      <object_component id="oc-f">
         <name>.intvecs</name>
         <load_address>0x0</load_address>
         <run_address>0x0</run_address>
         <size>0x26c</size>
         <input_file_ref idref="fl-5"/>
      </object_component>
      <object_component id="oc-167">
         <name>.text:__TI_printfi</name>
         <load_address>0x26c</load_address>
         <run_address>0x26c</run_address>
         <size>0xa5e</size>
         <input_file_ref idref="fl-d1"/>
      </object_component>
      <object_component id="oc-292">
         <name>.text</name>
         <load_address>0xcca</load_address>
         <run_address>0xcca</run_address>
         <size>0x2</size>
         <input_file_ref idref="fl-e3"/>
      </object_component>
      <object_component id="oc-c0">
         <name>.text</name>
         <load_address>0xccc</load_address>
         <run_address>0xccc</run_address>
         <size>0x3bc</size>
         <input_file_ref idref="fl-3"/>
      </object_component>
      <object_component id="oc-1d8">
         <name>.text:_pconv_a</name>
         <load_address>0x1088</load_address>
         <run_address>0x1088</run_address>
         <size>0x270</size>
         <input_file_ref idref="fl-d1"/>
      </object_component>
      <object_component id="oc-1c6">
         <name>.text:_pconv_g</name>
         <load_address>0x12f8</load_address>
         <run_address>0x12f8</run_address>
         <size>0x1d0</size>
         <input_file_ref idref="fl-d1"/>
      </object_component>
      <object_component id="oc-240">
         <name>.text</name>
         <load_address>0x14c8</load_address>
         <run_address>0x14c8</run_address>
         <size>0x1b6</size>
         <input_file_ref idref="fl-db"/>
      </object_component>
      <object_component id="oc-10d">
         <name>.text</name>
         <load_address>0x1680</load_address>
         <run_address>0x1680</run_address>
         <size>0x158</size>
         <input_file_ref idref="fl-4"/>
      </object_component>
      <object_component id="oc-1d2">
         <name>.text:_pconv_e</name>
         <load_address>0x17d8</load_address>
         <run_address>0x17d8</run_address>
         <size>0x13c</size>
         <input_file_ref idref="fl-d1"/>
      </object_component>
      <object_component id="oc-226">
         <name>.text</name>
         <load_address>0x1914</load_address>
         <run_address>0x1914</run_address>
         <size>0x136</size>
         <input_file_ref idref="fl-dd"/>
      </object_component>
      <object_component id="oc-252">
         <name>.text:fcvt</name>
         <load_address>0x1a4c</load_address>
         <run_address>0x1a4c</run_address>
         <size>0x120</size>
         <input_file_ref idref="fl-d1"/>
      </object_component>
      <object_component id="oc-266">
         <name>.text:scalbn</name>
         <load_address>0x1b6c</load_address>
         <run_address>0x1b6c</run_address>
         <size>0x110</size>
         <input_file_ref idref="fl-d8"/>
      </object_component>
      <object_component id="oc-221">
         <name>.text</name>
         <load_address>0x1c7c</load_address>
         <run_address>0x1c7c</run_address>
         <size>0xfc</size>
         <input_file_ref idref="fl-de"/>
      </object_component>
      <object_component id="oc-c6">
         <name>.text</name>
         <load_address>0x1d78</load_address>
         <run_address>0x1d78</run_address>
         <size>0xe8</size>
         <input_file_ref idref="fl-6"/>
      </object_component>
      <object_component id="oc-1bb">
         <name>.text:_ltostr</name>
         <load_address>0x1e60</load_address>
         <run_address>0x1e60</run_address>
         <size>0xb1</size>
         <input_file_ref idref="fl-d1"/>
      </object_component>
      <object_component id="oc-38">
         <name>.text</name>
         <load_address>0x1f12</load_address>
         <run_address>0x1f12</run_address>
         <size>0x9c</size>
         <input_file_ref idref="fl-c1"/>
      </object_component>
      <object_component id="oc-21a">
         <name>.text</name>
         <load_address>0x1fae</load_address>
         <run_address>0x1fae</run_address>
         <size>0x96</size>
         <input_file_ref idref="fl-e1"/>
      </object_component>
      <object_component id="oc-1c1">
         <name>.text:__aeabi_cdcmple</name>
         <load_address>0x2044</load_address>
         <run_address>0x2044</run_address>
         <size>0x86</size>
         <input_file_ref idref="fl-dc"/>
      </object_component>
      <object_component id="oc-22b">
         <name>.text:__aeabi_cdrcmple</name>
         <load_address>0x20ca</load_address>
         <run_address>0x20ca</run_address>
         <size>0x86</size>
         <input_file_ref idref="fl-dc"/>
      </object_component>
      <object_component id="oc-8c">
         <name>.text</name>
         <load_address>0x2150</load_address>
         <run_address>0x2150</run_address>
         <size>0x7a</size>
         <input_file_ref idref="fl-cd"/>
      </object_component>
      <object_component id="oc-24b">
         <name>.text:_mcpy</name>
         <load_address>0x21ca</load_address>
         <run_address>0x21ca</run_address>
         <size>0x6e</size>
         <input_file_ref idref="fl-d1"/>
      </object_component>
      <object_component id="oc-12">
         <name>.text:decompress:lzss:__TI_decompress_lzss</name>
         <load_address>0x2238</load_address>
         <run_address>0x2238</run_address>
         <size>0x68</size>
         <input_file_ref idref="fl-c4"/>
      </object_component>
      <object_component id="oc-260">
         <name>.text:frexp</name>
         <load_address>0x22a0</load_address>
         <run_address>0x22a0</run_address>
         <size>0x64</size>
         <input_file_ref idref="fl-d7"/>
      </object_component>
      <object_component id="oc-1cc">
         <name>.text:_pconv_f</name>
         <load_address>0x2304</load_address>
         <run_address>0x2304</run_address>
         <size>0x56</size>
         <input_file_ref idref="fl-d1"/>
      </object_component>
      <object_component id="oc-235">
         <name>.text:ltoa</name>
         <load_address>0x235a</load_address>
         <run_address>0x235a</run_address>
         <size>0x54</size>
         <input_file_ref idref="fl-d4"/>
      </object_component>
      <object_component id="oc-245">
         <name>.text:_ecpy</name>
         <load_address>0x23ae</load_address>
         <run_address>0x23ae</run_address>
         <size>0x52</size>
         <input_file_ref idref="fl-d1"/>
      </object_component>
      <object_component id="oc-1b5">
         <name>.text:atoi</name>
         <load_address>0x2400</load_address>
         <run_address>0x2400</run_address>
         <size>0x4c</size>
         <input_file_ref idref="fl-d2"/>
      </object_component>
      <object_component id="oc-230">
         <name>.text</name>
         <load_address>0x244c</load_address>
         <run_address>0x244c</run_address>
         <size>0x48</size>
         <input_file_ref idref="fl-df"/>
      </object_component>
      <object_component id="oc-d9">
         <name>.text:__TI_auto_init_nobinit_nopinit:__TI_auto_init_nobinit_nopinit</name>
         <load_address>0x2494</load_address>
         <run_address>0x2494</run_address>
         <size>0x44</size>
         <input_file_ref idref="fl-ce"/>
      </object_component>
      <object_component id="oc-11a">
         <name>.text:vsnprintf</name>
         <load_address>0x24d8</load_address>
         <run_address>0x24d8</run_address>
         <size>0x40</size>
         <input_file_ref idref="fl-cc"/>
      </object_component>
      <object_component id="oc-258">
         <name>.text:_fcpy</name>
         <load_address>0x2518</load_address>
         <run_address>0x2518</run_address>
         <size>0x3e</size>
         <input_file_ref idref="fl-d1"/>
      </object_component>
      <object_component id="oc-56">
         <name>.text:_c_int00_noargs:_c_int00_noargs</name>
         <load_address>0x2558</load_address>
         <run_address>0x2558</run_address>
         <size>0x38</size>
         <input_file_ref idref="fl-c5"/>
      </object_component>
      <object_component id="oc-16d">
         <name>.text:_outs</name>
         <load_address>0x2590</load_address>
         <run_address>0x2590</run_address>
         <size>0x30</size>
         <input_file_ref idref="fl-cc"/>
      </object_component>
      <object_component id="oc-98">
         <name>.text</name>
         <load_address>0x25c0</load_address>
         <run_address>0x25c0</run_address>
         <size>0x2e</size>
         <input_file_ref idref="fl-2"/>
      </object_component>
      <object_component id="oc-23b">
         <name>.text</name>
         <load_address>0x25ee</load_address>
         <run_address>0x25ee</run_address>
         <size>0x2e</size>
         <input_file_ref idref="fl-e0"/>
      </object_component>
      <object_component id="oc-1de">
         <name>.text:memccpy</name>
         <load_address>0x261c</load_address>
         <run_address>0x261c</run_address>
         <size>0x1c</size>
         <input_file_ref idref="fl-d5"/>
      </object_component>
      <object_component id="oc-173">
         <name>.text:_outc</name>
         <load_address>0x2638</load_address>
         <run_address>0x2638</run_address>
         <size>0x18</size>
         <input_file_ref idref="fl-cc"/>
      </object_component>
      <object_component id="oc-120">
         <name>.text:strcmp</name>
         <load_address>0x2650</load_address>
         <run_address>0x2650</run_address>
         <size>0x18</size>
         <input_file_ref idref="fl-c9"/>
      </object_component>
      <object_component id="oc-26c">
         <name>.text:strchr</name>
         <load_address>0x2668</load_address>
         <run_address>0x2668</run_address>
         <size>0x16</size>
         <input_file_ref idref="fl-d6"/>
      </object_component>
      <object_component id="oc-2ab">
         <name>.text:copysign</name>
         <load_address>0x267e</load_address>
         <run_address>0x267e</run_address>
         <size>0x14</size>
         <input_file_ref idref="fl-d9"/>
      </object_component>
      <object_component id="oc-126">
         <name>.text:strcpy</name>
         <load_address>0x2692</load_address>
         <run_address>0x2692</run_address>
         <size>0x14</size>
         <input_file_ref idref="fl-ca"/>
      </object_component>
      <object_component id="oc-12c">
         <name>.text:strlen</name>
         <load_address>0x26a6</load_address>
         <run_address>0x26a6</run_address>
         <size>0x14</size>
         <input_file_ref idref="fl-cb"/>
      </object_component>
      <object_component id="oc-44">
         <name>.text:decompress:ZI:__TI_zero_init_nomemset:__TI_zero_init_nomemset</name>
         <load_address>0x26ba</load_address>
         <run_address>0x26ba</run_address>
         <size>0x12</size>
         <input_file_ref idref="fl-c2"/>
      </object_component>
      <object_component id="oc-1e4">
         <name>.text:wcslen</name>
         <load_address>0x26cc</load_address>
         <run_address>0x26cc</run_address>
         <size>0x12</size>
         <input_file_ref idref="fl-da"/>
      </object_component>
      <object_component id="oc-113">
         <name>.text:lcd_clear</name>
         <load_address>0x26de</load_address>
         <run_address>0x26de</run_address>
         <size>0x10</size>
         <input_file_ref idref="fl-3"/>
      </object_component>
      <object_component id="oc-18">
         <name>.text:decompress:none:__TI_decompress_none</name>
         <load_address>0x26ee</load_address>
         <run_address>0x26ee</run_address>
         <size>0xe</size>
         <input_file_ref idref="fl-c3"/>
      </object_component>
      <object_component id="oc-24">
         <name>.text</name>
         <load_address>0x26fc</load_address>
         <run_address>0x26fc</run_address>
         <size>0xc</size>
         <input_file_ref idref="fl-5"/>
      </object_component>
      <object_component id="oc-1ea">
         <name>.text:__aeabi_errno_addr</name>
         <load_address>0x2708</load_address>
         <run_address>0x2708</run_address>
         <size>0x8</size>
         <input_file_ref idref="fl-e2"/>
      </object_component>
      <object_component id="oc-92">
         <name>.text:_system_pre_init</name>
         <load_address>0x2710</load_address>
         <run_address>0x2710</run_address>
         <size>0x4</size>
         <input_file_ref idref="fl-cf"/>
      </object_component>
      <object_component id="oc-cd">
         <name>.text:abort:abort</name>
         <load_address>0x2714</load_address>
         <run_address>0x2714</run_address>
         <size>0x4</size>
         <input_file_ref idref="fl-c6"/>
      </object_component>
      <object_component id="oc-215">
         <name>.const:.string:_ctypes_</name>
         <load_address>0x2718</load_address>
         <run_address>0x2718</run_address>
         <size>0x101</size>
         <input_file_ref idref="fl-d3"/>
      </object_component>
      <object_component id="oc-135">
         <name>.const:.string:$P$T0$4</name>
         <load_address>0x2819</load_address>
         <run_address>0x2819</run_address>
         <size>0x15</size>
         <input_file_ref idref="fl-3"/>
      </object_component>
      <object_component id="oc-132">
         <name>.const:.string:lineAddress$1</name>
         <load_address>0x282e</load_address>
         <run_address>0x282e</run_address>
         <size>0x4</size>
         <input_file_ref idref="fl-3"/>
      </object_component>
      <object_component id="oc-133">
         <name>.const:.string:lineAddresses$2</name>
         <load_address>0x2832</load_address>
         <run_address>0x2832</run_address>
         <size>0x4</size>
         <input_file_ref idref="fl-3"/>
      </object_component>
      <object_component id="oc-2ff">
         <name>__TI_handler_table</name>
         <load_address>0x2838</load_address>
         <run_address>0x2838</run_address>
         <size>0xc</size>
      </object_component>
      <object_component id="oc-302">
         <name>.cinit..bss.load</name>
         <load_address>0x2848</load_address>
         <run_address>0x2848</run_address>
         <size>0x8</size>
      </object_component>
      <object_component id="oc-301">
         <name>.cinit..data.load</name>
         <load_address>0x2850</load_address>
         <run_address>0x2850</run_address>
         <size>0x7</size>
      </object_component>
      <object_component id="oc-300">
         <name>__TI_cinit_table</name>
         <load_address>0x2858</load_address>
         <run_address>0x2858</run_address>
         <size>0x10</size>
      </object_component>
      <object_component id="oc-13f">
         <name>.data</name>
         <load_address>0x20001058</load_address>
         <run_address>0x20001058</run_address>
         <size>0x1</size>
         <input_file_ref idref="fl-6"/>
      </object_component>
      <object_component id="oc-27c">
         <name>.data</name>
         <load_address>0x20001054</load_address>
         <run_address>0x20001054</run_address>
         <size>0x4</size>
         <input_file_ref idref="fl-e2"/>
      </object_component>
      <object_component id="oc-134">
         <name>.bss:lastbuffer$3</name>
         <uninitialized>true</uninitialized>
         <run_address>0x20001000</run_address>
         <size>0x54</size>
         <input_file_ref idref="fl-3"/>
      </object_component>
      <object_component id="oc-21">
         <name>.stack</name>
         <uninitialized>true</uninitialized>
         <run_address>0x20000000</run_address>
         <size>0x4</size>
         <input_file_ref idref="fl-c5"/>
      </object_component>
      <object_component id="oc-303">
         <name>.stack</name>
         <uninitialized>true</uninitialized>
         <run_address>0x20000000</run_address>
         <size>0x0</size>
      </object_component>
      <object_component id="oc-af">
         <name>.debug_info</name>
         <load_address>0x0</load_address>
         <run_address>0x0</run_address>
         <size>0x2d7</size>
         <input_file_ref idref="fl-2"/>
      </object_component>
      <object_component id="oc-99">
         <name>.debug_info</name>
         <load_address>0x2d7</load_address>
         <run_address>0x2d7</run_address>
         <size>0x141</size>
         <input_file_ref idref="fl-2"/>
      </object_component>
      <object_component id="oc-6d">
         <name>.debug_info</name>
         <load_address>0x418</load_address>
         <run_address>0x418</run_address>
         <size>0x26b</size>
         <input_file_ref idref="fl-2"/>
      </object_component>
      <object_component id="oc-33">
         <name>.debug_info</name>
         <load_address>0x683</load_address>
         <run_address>0x683</run_address>
         <size>0x84</size>
         <input_file_ref idref="fl-2"/>
      </object_component>
      <object_component id="oc-aa">
         <name>.debug_info</name>
         <load_address>0x707</load_address>
         <run_address>0x707</run_address>
         <size>0x297</size>
         <input_file_ref idref="fl-2"/>
      </object_component>
      <object_component id="oc-72">
         <name>.debug_info</name>
         <load_address>0x99e</load_address>
         <run_address>0x99e</run_address>
         <size>0xbb</size>
         <input_file_ref idref="fl-2"/>
      </object_component>
      <object_component id="oc-18f">
         <name>.debug_info</name>
         <load_address>0xa59</load_address>
         <run_address>0xa59</run_address>
         <size>0xcc</size>
         <input_file_ref idref="fl-2"/>
      </object_component>
      <object_component id="oc-13a">
         <name>.debug_info</name>
         <load_address>0xb25</load_address>
         <run_address>0xb25</run_address>
         <size>0x2c</size>
         <input_file_ref idref="fl-2"/>
      </object_component>
      <object_component id="oc-139">
         <name>.debug_info</name>
         <load_address>0xb51</load_address>
         <run_address>0xb51</run_address>
         <size>0x3b4</size>
         <input_file_ref idref="fl-3"/>
      </object_component>
      <object_component id="oc-136">
         <name>.debug_info</name>
         <load_address>0xf05</load_address>
         <run_address>0xf05</run_address>
         <size>0xb8</size>
         <input_file_ref idref="fl-3"/>
      </object_component>
      <object_component id="oc-114">
         <name>.debug_info</name>
         <load_address>0xfbd</load_address>
         <run_address>0xfbd</run_address>
         <size>0x111</size>
         <input_file_ref idref="fl-3"/>
      </object_component>
      <object_component id="oc-c2">
         <name>.debug_info</name>
         <load_address>0x10ce</load_address>
         <run_address>0x10ce</run_address>
         <size>0xa64</size>
         <input_file_ref idref="fl-3"/>
      </object_component>
      <object_component id="oc-10e">
         <name>.debug_info</name>
         <load_address>0x1b32</load_address>
         <run_address>0x1b32</run_address>
         <size>0x3e1</size>
         <input_file_ref idref="fl-4"/>
      </object_component>
      <object_component id="oc-162">
         <name>.debug_info</name>
         <load_address>0x1f13</load_address>
         <run_address>0x1f13</run_address>
         <size>0x2c</size>
         <input_file_ref idref="fl-4"/>
      </object_component>
      <object_component id="oc-2c">
         <name>.debug_info</name>
         <load_address>0x1f3f</load_address>
         <run_address>0x1f3f</run_address>
         <size>0x298</size>
         <input_file_ref idref="fl-5"/>
      </object_component>
      <object_component id="oc-10">
         <name>.debug_info</name>
         <load_address>0x21d7</load_address>
         <run_address>0x21d7</run_address>
         <size>0xd7</size>
         <input_file_ref idref="fl-5"/>
      </object_component>
      <object_component id="oc-27">
         <name>.debug_info</name>
         <load_address>0x22ae</load_address>
         <run_address>0x22ae</run_address>
         <size>0x253</size>
         <input_file_ref idref="fl-5"/>
      </object_component>
      <object_component id="oc-c9">
         <name>.debug_info</name>
         <load_address>0x2501</load_address>
         <run_address>0x2501</run_address>
         <size>0x1e5</size>
         <input_file_ref idref="fl-6"/>
      </object_component>
      <object_component id="oc-3a">
         <name>.debug_info</name>
         <load_address>0x26e6</load_address>
         <run_address>0x26e6</run_address>
         <size>0x111</size>
         <input_file_ref idref="fl-c1"/>
      </object_component>
      <object_component id="oc-8b">
         <name>.debug_info</name>
         <load_address>0x27f7</load_address>
         <run_address>0x27f7</run_address>
         <size>0x313</size>
         <input_file_ref idref="fl-c2"/>
      </object_component>
      <object_component id="oc-45">
         <name>.debug_info</name>
         <load_address>0x2b0a</load_address>
         <run_address>0x2b0a</run_address>
         <size>0x1b4</size>
         <input_file_ref idref="fl-c2"/>
      </object_component>
      <object_component id="oc-86">
         <name>.debug_info</name>
         <load_address>0x2cbe</load_address>
         <run_address>0x2cbe</run_address>
         <size>0x46</size>
         <input_file_ref idref="fl-c2"/>
      </object_component>
      <object_component id="oc-b7">
         <name>.debug_info</name>
         <load_address>0x2d04</load_address>
         <run_address>0x2d04</run_address>
         <size>0x2c</size>
         <input_file_ref idref="fl-c2"/>
      </object_component>
      <object_component id="oc-43">
         <name>.debug_info</name>
         <load_address>0x2d30</load_address>
         <run_address>0x2d30</run_address>
         <size>0x29d</size>
         <input_file_ref idref="fl-c3"/>
      </object_component>
      <object_component id="oc-1a">
         <name>.debug_info</name>
         <load_address>0x2fcd</load_address>
         <run_address>0x2fcd</run_address>
         <size>0x1df</size>
         <input_file_ref idref="fl-c3"/>
      </object_component>
      <object_component id="oc-3e">
         <name>.debug_info</name>
         <load_address>0x31ac</load_address>
         <run_address>0x31ac</run_address>
         <size>0x46</size>
         <input_file_ref idref="fl-c3"/>
      </object_component>
      <object_component id="oc-7e">
         <name>.debug_info</name>
         <load_address>0x31f2</load_address>
         <run_address>0x31f2</run_address>
         <size>0x2c</size>
         <input_file_ref idref="fl-c3"/>
      </object_component>
      <object_component id="oc-7c">
         <name>.debug_info</name>
         <load_address>0x321e</load_address>
         <run_address>0x321e</run_address>
         <size>0x293</size>
         <input_file_ref idref="fl-c4"/>
      </object_component>
      <object_component id="oc-14">
         <name>.debug_info</name>
         <load_address>0x34b1</load_address>
         <run_address>0x34b1</run_address>
         <size>0x245</size>
         <input_file_ref idref="fl-c4"/>
      </object_component>
      <object_component id="oc-2e">
         <name>.debug_info</name>
         <load_address>0x36f6</load_address>
         <run_address>0x36f6</run_address>
         <size>0x60</size>
         <input_file_ref idref="fl-c4"/>
      </object_component>
      <object_component id="oc-b0">
         <name>.debug_info</name>
         <load_address>0x3756</load_address>
         <run_address>0x3756</run_address>
         <size>0x46</size>
         <input_file_ref idref="fl-c4"/>
      </object_component>
      <object_component id="oc-77">
         <name>.debug_info</name>
         <load_address>0x379c</load_address>
         <run_address>0x379c</run_address>
         <size>0x39</size>
         <input_file_ref idref="fl-c4"/>
      </object_component>
      <object_component id="oc-22">
         <name>.debug_info</name>
         <load_address>0x37d5</load_address>
         <run_address>0x37d5</run_address>
         <size>0x100</size>
         <input_file_ref idref="fl-c5"/>
      </object_component>
      <object_component id="oc-58">
         <name>.debug_info</name>
         <load_address>0x38d5</load_address>
         <run_address>0x38d5</run_address>
         <size>0x1a4</size>
         <input_file_ref idref="fl-c5"/>
      </object_component>
      <object_component id="oc-ce">
         <name>.debug_info</name>
         <load_address>0x3a79</load_address>
         <run_address>0x3a79</run_address>
         <size>0x117</size>
         <input_file_ref idref="fl-c6"/>
      </object_component>
      <object_component id="oc-186">
         <name>.debug_info</name>
         <load_address>0x3b90</load_address>
         <run_address>0x3b90</run_address>
         <size>0x27f</size>
         <input_file_ref idref="fl-c9"/>
      </object_component>
      <object_component id="oc-123">
         <name>.debug_info</name>
         <load_address>0x3e0f</load_address>
         <run_address>0x3e0f</run_address>
         <size>0x258</size>
         <input_file_ref idref="fl-c9"/>
      </object_component>
      <object_component id="oc-188">
         <name>.debug_info</name>
         <load_address>0x4067</load_address>
         <run_address>0x4067</run_address>
         <size>0x299</size>
         <input_file_ref idref="fl-ca"/>
      </object_component>
      <object_component id="oc-12a">
         <name>.debug_info</name>
         <load_address>0x4300</load_address>
         <run_address>0x4300</run_address>
         <size>0x231</size>
         <input_file_ref idref="fl-ca"/>
      </object_component>
      <object_component id="oc-18a">
         <name>.debug_info</name>
         <load_address>0x4531</load_address>
         <run_address>0x4531</run_address>
         <size>0x284</size>
         <input_file_ref idref="fl-cb"/>
      </object_component>
      <object_component id="oc-12f">
         <name>.debug_info</name>
         <load_address>0x47b5</load_address>
         <run_address>0x47b5</run_address>
         <size>0x22a</size>
         <input_file_ref idref="fl-cb"/>
      </object_component>
      <object_component id="oc-17a">
         <name>.debug_info</name>
         <load_address>0x49df</load_address>
         <run_address>0x49df</run_address>
         <size>0x335</size>
         <input_file_ref idref="fl-cc"/>
      </object_component>
      <object_component id="oc-11d">
         <name>.debug_info</name>
         <load_address>0x4d14</load_address>
         <run_address>0x4d14</run_address>
         <size>0x1fd</size>
         <input_file_ref idref="fl-cc"/>
      </object_component>
      <object_component id="oc-170">
         <name>.debug_info</name>
         <load_address>0x4f11</load_address>
         <run_address>0x4f11</run_address>
         <size>0x1bb</size>
         <input_file_ref idref="fl-cc"/>
      </object_component>
      <object_component id="oc-176">
         <name>.debug_info</name>
         <load_address>0x50cc</load_address>
         <run_address>0x50cc</run_address>
         <size>0x16e</size>
         <input_file_ref idref="fl-cc"/>
      </object_component>
      <object_component id="oc-17b">
         <name>.debug_info</name>
         <load_address>0x523a</load_address>
         <run_address>0x523a</run_address>
         <size>0x2c</size>
         <input_file_ref idref="fl-cc"/>
      </object_component>
      <object_component id="oc-180">
         <name>.debug_info</name>
         <load_address>0x5266</load_address>
         <run_address>0x5266</run_address>
         <size>0x69</size>
         <input_file_ref idref="fl-cc"/>
      </object_component>
      <object_component id="oc-8f">
         <name>.debug_info</name>
         <load_address>0x52cf</load_address>
         <run_address>0x52cf</run_address>
         <size>0x13f</size>
         <input_file_ref idref="fl-cd"/>
      </object_component>
      <object_component id="oc-14c">
         <name>.debug_info</name>
         <load_address>0x540e</load_address>
         <run_address>0x540e</run_address>
         <size>0x547</size>
         <input_file_ref idref="fl-ce"/>
      </object_component>
      <object_component id="oc-db">
         <name>.debug_info</name>
         <load_address>0x5955</load_address>
         <run_address>0x5955</run_address>
         <size>0x19b</size>
         <input_file_ref idref="fl-ce"/>
      </object_component>
      <object_component id="oc-1a4">
         <name>.debug_info</name>
         <load_address>0x5af0</load_address>
         <run_address>0x5af0</run_address>
         <size>0x39</size>
         <input_file_ref idref="fl-ce"/>
      </object_component>
      <object_component id="oc-209">
         <name>.debug_info</name>
         <load_address>0x5b29</load_address>
         <run_address>0x5b29</run_address>
         <size>0x39</size>
         <input_file_ref idref="fl-ce"/>
      </object_component>
      <object_component id="oc-1a9">
         <name>.debug_info</name>
         <load_address>0x5b62</load_address>
         <run_address>0x5b62</run_address>
         <size>0x39</size>
         <input_file_ref idref="fl-ce"/>
      </object_component>
      <object_component id="oc-1ae">
         <name>.debug_info</name>
         <load_address>0x5b9b</load_address>
         <run_address>0x5b9b</run_address>
         <size>0xcd</size>
         <input_file_ref idref="fl-ce"/>
      </object_component>
      <object_component id="oc-93">
         <name>.debug_info</name>
         <load_address>0x5c68</load_address>
         <run_address>0x5c68</run_address>
         <size>0x148</size>
         <input_file_ref idref="fl-cf"/>
      </object_component>
      <object_component id="oc-1f1">
         <name>.debug_info</name>
         <load_address>0x5db0</load_address>
         <run_address>0x5db0</run_address>
         <size>0x8a6</size>
         <input_file_ref idref="fl-d1"/>
      </object_component>
      <object_component id="oc-1bd">
         <name>.debug_info</name>
         <load_address>0x6656</load_address>
         <run_address>0x6656</run_address>
         <size>0x213</size>
         <input_file_ref idref="fl-d1"/>
      </object_component>
      <object_component id="oc-247">
         <name>.debug_info</name>
         <load_address>0x6869</load_address>
         <run_address>0x6869</run_address>
         <size>0x1a8</size>
         <input_file_ref idref="fl-d1"/>
      </object_component>
      <object_component id="oc-24d">
         <name>.debug_info</name>
         <load_address>0x6a11</load_address>
         <run_address>0x6a11</run_address>
         <size>0x210</size>
         <input_file_ref idref="fl-d1"/>
      </object_component>
      <object_component id="oc-1c8">
         <name>.debug_info</name>
         <load_address>0x6c21</load_address>
         <run_address>0x6c21</run_address>
         <size>0x3b0</size>
         <input_file_ref idref="fl-d1"/>
      </object_component>
      <object_component id="oc-254">
         <name>.debug_info</name>
         <load_address>0x6fd1</load_address>
         <run_address>0x6fd1</run_address>
         <size>0x2fa</size>
         <input_file_ref idref="fl-d1"/>
      </object_component>
      <object_component id="oc-25a">
         <name>.debug_info</name>
         <load_address>0x72cb</load_address>
         <run_address>0x72cb</run_address>
         <size>0x20a</size>
         <input_file_ref idref="fl-d1"/>
      </object_component>
      <object_component id="oc-1ce">
         <name>.debug_info</name>
         <load_address>0x74d5</load_address>
         <run_address>0x74d5</run_address>
         <size>0x20a</size>
         <input_file_ref idref="fl-d1"/>
      </object_component>
      <object_component id="oc-1d4">
         <name>.debug_info</name>
         <load_address>0x76df</load_address>
         <run_address>0x76df</run_address>
         <size>0x2f9</size>
         <input_file_ref idref="fl-d1"/>
      </object_component>
      <object_component id="oc-1da">
         <name>.debug_info</name>
         <load_address>0x79d8</load_address>
         <run_address>0x79d8</run_address>
         <size>0x4a5</size>
         <input_file_ref idref="fl-d1"/>
      </object_component>
      <object_component id="oc-169">
         <name>.debug_info</name>
         <load_address>0x7e7d</load_address>
         <run_address>0x7e7d</run_address>
         <size>0x5cd</size>
         <input_file_ref idref="fl-d1"/>
      </object_component>
      <object_component id="oc-1f2">
         <name>.debug_info</name>
         <load_address>0x844a</load_address>
         <run_address>0x844a</run_address>
         <size>0x86</size>
         <input_file_ref idref="fl-d1"/>
      </object_component>
      <object_component id="oc-283">
         <name>.debug_info</name>
         <load_address>0x84d0</load_address>
         <run_address>0x84d0</run_address>
         <size>0x39</size>
         <input_file_ref idref="fl-d1"/>
      </object_component>
      <object_component id="oc-2c2">
         <name>.debug_info</name>
         <load_address>0x8509</load_address>
         <run_address>0x8509</run_address>
         <size>0xb6</size>
         <input_file_ref idref="fl-d1"/>
      </object_component>
      <object_component id="oc-288">
         <name>.debug_info</name>
         <load_address>0x85bf</load_address>
         <run_address>0x85bf</run_address>
         <size>0x46</size>
         <input_file_ref idref="fl-d1"/>
      </object_component>
      <object_component id="oc-1f7">
         <name>.debug_info</name>
         <load_address>0x8605</load_address>
         <run_address>0x8605</run_address>
         <size>0x46</size>
         <input_file_ref idref="fl-d1"/>
      </object_component>
      <object_component id="oc-219">
         <name>.debug_info</name>
         <load_address>0x864b</load_address>
         <run_address>0x864b</run_address>
         <size>0x2ae</size>
         <input_file_ref idref="fl-d2"/>
      </object_component>
      <object_component id="oc-1b9">
         <name>.debug_info</name>
         <load_address>0x88f9</load_address>
         <run_address>0x88f9</run_address>
         <size>0x171</size>
         <input_file_ref idref="fl-d2"/>
      </object_component>
      <object_component id="oc-28f">
         <name>.debug_info</name>
         <load_address>0x8a6a</load_address>
         <run_address>0x8a6a</run_address>
         <size>0xee</size>
         <input_file_ref idref="fl-d3"/>
      </object_component>
      <object_component id="oc-216">
         <name>.debug_info</name>
         <load_address>0x8b58</load_address>
         <run_address>0x8b58</run_address>
         <size>0xfa</size>
         <input_file_ref idref="fl-d3"/>
      </object_component>
      <object_component id="oc-29d">
         <name>.debug_info</name>
         <load_address>0x8c52</load_address>
         <run_address>0x8c52</run_address>
         <size>0x290</size>
         <input_file_ref idref="fl-d4"/>
      </object_component>
      <object_component id="oc-238">
         <name>.debug_info</name>
         <load_address>0x8ee2</load_address>
         <run_address>0x8ee2</run_address>
         <size>0x1c2</size>
         <input_file_ref idref="fl-d4"/>
      </object_component>
      <object_component id="oc-274">
         <name>.debug_info</name>
         <load_address>0x90a4</load_address>
         <run_address>0x90a4</run_address>
         <size>0x28b</size>
         <input_file_ref idref="fl-d5"/>
      </object_component>
      <object_component id="oc-1df">
         <name>.debug_info</name>
         <load_address>0x932f</load_address>
         <run_address>0x932f</run_address>
         <size>0x1ab</size>
         <input_file_ref idref="fl-d5"/>
      </object_component>
      <object_component id="oc-2b4">
         <name>.debug_info</name>
         <load_address>0x94da</load_address>
         <run_address>0x94da</run_address>
         <size>0x28f</size>
         <input_file_ref idref="fl-d6"/>
      </object_component>
      <object_component id="oc-26e">
         <name>.debug_info</name>
         <load_address>0x9769</load_address>
         <run_address>0x9769</run_address>
         <size>0x247</size>
         <input_file_ref idref="fl-d6"/>
      </object_component>
      <object_component id="oc-2a5">
         <name>.debug_info</name>
         <load_address>0x99b0</load_address>
         <run_address>0x99b0</run_address>
         <size>0x28f</size>
         <input_file_ref idref="fl-d7"/>
      </object_component>
      <object_component id="oc-261">
         <name>.debug_info</name>
         <load_address>0x9c3f</load_address>
         <run_address>0x9c3f</run_address>
         <size>0x18a</size>
         <input_file_ref idref="fl-d7"/>
      </object_component>
      <object_component id="oc-2ce">
         <name>.debug_info</name>
         <load_address>0x9dc9</load_address>
         <run_address>0x9dc9</run_address>
         <size>0x39</size>
         <input_file_ref idref="fl-d7"/>
      </object_component>
      <object_component id="oc-2a6">
         <name>.debug_info</name>
         <load_address>0x9e02</load_address>
         <run_address>0x9e02</run_address>
         <size>0x2c</size>
         <input_file_ref idref="fl-d7"/>
      </object_component>
      <object_component id="oc-2b2">
         <name>.debug_info</name>
         <load_address>0x9e2e</load_address>
         <run_address>0x9e2e</run_address>
         <size>0x2f2</size>
         <input_file_ref idref="fl-d8"/>
      </object_component>
      <object_component id="oc-267">
         <name>.debug_info</name>
         <load_address>0xa120</load_address>
         <run_address>0xa120</run_address>
         <size>0x21a</size>
         <input_file_ref idref="fl-d8"/>
      </object_component>
      <object_component id="oc-2ac">
         <name>.debug_info</name>
         <load_address>0xa33a</load_address>
         <run_address>0xa33a</run_address>
         <size>0x156</size>
         <input_file_ref idref="fl-d9"/>
      </object_component>
      <object_component id="oc-27b">
         <name>.debug_info</name>
         <load_address>0xa490</load_address>
         <run_address>0xa490</run_address>
         <size>0x284</size>
         <input_file_ref idref="fl-da"/>
      </object_component>
      <object_component id="oc-1e5">
         <name>.debug_info</name>
         <load_address>0xa714</load_address>
         <run_address>0xa714</run_address>
         <size>0x14f</size>
         <input_file_ref idref="fl-da"/>
      </object_component>
      <object_component id="oc-2b7">
         <name>.debug_info</name>
         <load_address>0xa863</load_address>
         <run_address>0xa863</run_address>
         <size>0x46</size>
         <input_file_ref idref="fl-da"/>
      </object_component>
      <object_component id="oc-276">
         <name>.debug_info</name>
         <load_address>0xa8a9</load_address>
         <run_address>0xa8a9</run_address>
         <size>0x39</size>
         <input_file_ref idref="fl-da"/>
      </object_component>
      <object_component id="oc-241">
         <name>.debug_info</name>
         <load_address>0xa8e2</load_address>
         <run_address>0xa8e2</run_address>
         <size>0x144</size>
         <input_file_ref idref="fl-db"/>
      </object_component>
      <object_component id="oc-1c2">
         <name>.debug_info</name>
         <load_address>0xaa26</load_address>
         <run_address>0xaa26</run_address>
         <size>0x120</size>
         <input_file_ref idref="fl-dc"/>
      </object_component>
      <object_component id="oc-22d">
         <name>.debug_info</name>
         <load_address>0xab46</load_address>
         <run_address>0xab46</run_address>
         <size>0x122</size>
         <input_file_ref idref="fl-dc"/>
      </object_component>
      <object_component id="oc-227">
         <name>.debug_info</name>
         <load_address>0xac68</load_address>
         <run_address>0xac68</run_address>
         <size>0x132</size>
         <input_file_ref idref="fl-dd"/>
      </object_component>
      <object_component id="oc-222">
         <name>.debug_info</name>
         <load_address>0xad9a</load_address>
         <run_address>0xad9a</run_address>
         <size>0x132</size>
         <input_file_ref idref="fl-de"/>
      </object_component>
      <object_component id="oc-233">
         <name>.debug_info</name>
         <load_address>0xaecc</load_address>
         <run_address>0xaecc</run_address>
         <size>0x126</size>
         <input_file_ref idref="fl-df"/>
      </object_component>
      <object_component id="oc-23c">
         <name>.debug_info</name>
         <load_address>0xaff2</load_address>
         <run_address>0xaff2</run_address>
         <size>0x124</size>
         <input_file_ref idref="fl-e0"/>
      </object_component>
      <object_component id="oc-21c">
         <name>.debug_info</name>
         <load_address>0xb116</load_address>
         <run_address>0xb116</run_address>
         <size>0x12c</size>
         <input_file_ref idref="fl-e1"/>
      </object_component>
      <object_component id="oc-280">
         <name>.debug_info</name>
         <load_address>0xb242</load_address>
         <run_address>0xb242</run_address>
         <size>0x27e</size>
         <input_file_ref idref="fl-e2"/>
      </object_component>
      <object_component id="oc-27d">
         <name>.debug_info</name>
         <load_address>0xb4c0</load_address>
         <run_address>0xb4c0</run_address>
         <size>0x103</size>
         <input_file_ref idref="fl-e2"/>
      </object_component>
      <object_component id="oc-1eb">
         <name>.debug_info</name>
         <load_address>0xb5c3</load_address>
         <run_address>0xb5c3</run_address>
         <size>0x143</size>
         <input_file_ref idref="fl-e2"/>
      </object_component>
      <object_component id="oc-294">
         <name>.debug_info</name>
         <load_address>0xb706</load_address>
         <run_address>0xb706</run_address>
         <size>0x10d</size>
         <input_file_ref idref="fl-e3"/>
      </object_component>
      <object_component id="oc-304">
         <name>.debug_info</name>
         <load_address>0xb813</load_address>
         <run_address>0xb813</run_address>
         <size>0x8d</size>
      </object_component>
      <object_component id="oc-10c">
         <name>.debug_line</name>
         <load_address>0x0</load_address>
         <run_address>0x0</run_address>
         <size>0x39</size>
         <input_file_ref idref="fl-2"/>
      </object_component>
      <object_component id="oc-9c">
         <name>.debug_line</name>
         <load_address>0x39</load_address>
         <run_address>0x39</run_address>
         <size>0x4d</size>
         <input_file_ref idref="fl-2"/>
      </object_component>
      <object_component id="oc-70">
         <name>.debug_line</name>
         <load_address>0x86</load_address>
         <run_address>0x86</run_address>
         <size>0x69</size>
         <input_file_ref idref="fl-2"/>
      </object_component>
      <object_component id="oc-36">
         <name>.debug_line</name>
         <load_address>0xef</load_address>
         <run_address>0xef</run_address>
         <size>0x20</size>
         <input_file_ref idref="fl-2"/>
      </object_component>
      <object_component id="oc-ad">
         <name>.debug_line</name>
         <load_address>0x10f</load_address>
         <run_address>0x10f</run_address>
         <size>0x6d</size>
         <input_file_ref idref="fl-2"/>
      </object_component>
      <object_component id="oc-75">
         <name>.debug_line</name>
         <load_address>0x17c</load_address>
         <run_address>0x17c</run_address>
         <size>0x6a</size>
         <input_file_ref idref="fl-2"/>
      </object_component>
      <object_component id="oc-192">
         <name>.debug_line</name>
         <load_address>0x1e6</load_address>
         <run_address>0x1e6</run_address>
         <size>0x64</size>
         <input_file_ref idref="fl-2"/>
      </object_component>
      <object_component id="oc-13d">
         <name>.debug_line</name>
         <load_address>0x24a</load_address>
         <run_address>0x24a</run_address>
         <size>0x65</size>
         <input_file_ref idref="fl-2"/>
      </object_component>
      <object_component id="oc-18e">
         <name>.debug_line</name>
         <load_address>0x2af</load_address>
         <run_address>0x2af</run_address>
         <size>0xb7</size>
         <input_file_ref idref="fl-3"/>
      </object_component>
      <object_component id="oc-18c">
         <name>.debug_line</name>
         <load_address>0x366</load_address>
         <run_address>0x366</run_address>
         <size>0x2c</size>
         <input_file_ref idref="fl-3"/>
      </object_component>
      <object_component id="oc-117">
         <name>.debug_line</name>
         <load_address>0x392</load_address>
         <run_address>0x392</run_address>
         <size>0x45</size>
         <input_file_ref idref="fl-3"/>
      </object_component>
      <object_component id="oc-c1">
         <name>.debug_line</name>
         <load_address>0x3d7</load_address>
         <run_address>0x3d7</run_address>
         <size>0x20b</size>
         <input_file_ref idref="fl-3"/>
      </object_component>
      <object_component id="oc-112">
         <name>.debug_line</name>
         <load_address>0x5e2</load_address>
         <run_address>0x5e2</run_address>
         <size>0x110</size>
         <input_file_ref idref="fl-4"/>
      </object_component>
      <object_component id="oc-165">
         <name>.debug_line</name>
         <load_address>0x6f2</load_address>
         <run_address>0x6f2</run_address>
         <size>0x2e</size>
         <input_file_ref idref="fl-4"/>
      </object_component>
      <object_component id="oc-6c">
         <name>.debug_line</name>
         <load_address>0x720</load_address>
         <run_address>0x720</run_address>
         <size>0x41</size>
         <input_file_ref idref="fl-5"/>
      </object_component>
      <object_component id="oc-2b">
         <name>.debug_line</name>
         <load_address>0x761</load_address>
         <run_address>0x761</run_address>
         <size>0x41</size>
         <input_file_ref idref="fl-5"/>
      </object_component>
      <object_component id="oc-29">
         <name>.debug_line</name>
         <load_address>0x7a2</load_address>
         <run_address>0x7a2</run_address>
         <size>0xa1</size>
         <input_file_ref idref="fl-5"/>
      </object_component>
      <object_component id="oc-c7">
         <name>.debug_line</name>
         <load_address>0x843</load_address>
         <run_address>0x843</run_address>
         <size>0x8f</size>
         <input_file_ref idref="fl-6"/>
      </object_component>
      <object_component id="oc-3c">
         <name>.debug_line</name>
         <load_address>0x8d2</load_address>
         <run_address>0x8d2</run_address>
         <size>0x88</size>
         <input_file_ref idref="fl-c1"/>
      </object_component>
      <object_component id="oc-bd">
         <name>.debug_line</name>
         <load_address>0x95a</load_address>
         <run_address>0x95a</run_address>
         <size>0x9e</size>
         <input_file_ref idref="fl-c2"/>
      </object_component>
      <object_component id="oc-48">
         <name>.debug_line</name>
         <load_address>0x9f8</load_address>
         <run_address>0x9f8</run_address>
         <size>0x4f</size>
         <input_file_ref idref="fl-c2"/>
      </object_component>
      <object_component id="oc-89">
         <name>.debug_line</name>
         <load_address>0xa47</load_address>
         <run_address>0xa47</run_address>
         <size>0x34</size>
         <input_file_ref idref="fl-c2"/>
      </object_component>
      <object_component id="oc-ba">
         <name>.debug_line</name>
         <load_address>0xa7b</load_address>
         <run_address>0xa7b</run_address>
         <size>0x8a</size>
         <input_file_ref idref="fl-c2"/>
      </object_component>
      <object_component id="oc-84">
         <name>.debug_line</name>
         <load_address>0xb05</load_address>
         <run_address>0xb05</run_address>
         <size>0x20</size>
         <input_file_ref idref="fl-c3"/>
      </object_component>
      <object_component id="oc-19">
         <name>.debug_line</name>
         <load_address>0xb25</load_address>
         <run_address>0xb25</run_address>
         <size>0x55</size>
         <input_file_ref idref="fl-c3"/>
      </object_component>
      <object_component id="oc-41">
         <name>.debug_line</name>
         <load_address>0xb7a</load_address>
         <run_address>0xb7a</run_address>
         <size>0x3a</size>
         <input_file_ref idref="fl-c3"/>
      </object_component>
      <object_component id="oc-81">
         <name>.debug_line</name>
         <load_address>0xbb4</load_address>
         <run_address>0xbb4</run_address>
         <size>0x8a</size>
         <input_file_ref idref="fl-c3"/>
      </object_component>
      <object_component id="oc-b6">
         <name>.debug_line</name>
         <load_address>0xc3e</load_address>
         <run_address>0xc3e</run_address>
         <size>0x20</size>
         <input_file_ref idref="fl-c4"/>
      </object_component>
      <object_component id="oc-16">
         <name>.debug_line</name>
         <load_address>0xc5e</load_address>
         <run_address>0xc5e</run_address>
         <size>0xa9</size>
         <input_file_ref idref="fl-c4"/>
      </object_component>
      <object_component id="oc-31">
         <name>.debug_line</name>
         <load_address>0xd07</load_address>
         <run_address>0xd07</run_address>
         <size>0x3a</size>
         <input_file_ref idref="fl-c4"/>
      </object_component>
      <object_component id="oc-b3">
         <name>.debug_line</name>
         <load_address>0xd41</load_address>
         <run_address>0xd41</run_address>
         <size>0x92</size>
         <input_file_ref idref="fl-c4"/>
      </object_component>
      <object_component id="oc-7a">
         <name>.debug_line</name>
         <load_address>0xdd3</load_address>
         <run_address>0xdd3</run_address>
         <size>0x8e</size>
         <input_file_ref idref="fl-c4"/>
      </object_component>
      <object_component id="oc-69">
         <name>.debug_line</name>
         <load_address>0xe61</load_address>
         <run_address>0xe61</run_address>
         <size>0x33</size>
         <input_file_ref idref="fl-c5"/>
      </object_component>
      <object_component id="oc-5b">
         <name>.debug_line</name>
         <load_address>0xe94</load_address>
         <run_address>0xe94</run_address>
         <size>0x56</size>
         <input_file_ref idref="fl-c5"/>
      </object_component>
      <object_component id="oc-d1">
         <name>.debug_line</name>
         <load_address>0xeea</load_address>
         <run_address>0xeea</run_address>
         <size>0x3c</size>
         <input_file_ref idref="fl-c6"/>
      </object_component>
      <object_component id="oc-201">
         <name>.debug_line</name>
         <load_address>0xf26</load_address>
         <run_address>0xf26</run_address>
         <size>0x20</size>
         <input_file_ref idref="fl-c9"/>
      </object_component>
      <object_component id="oc-121">
         <name>.debug_line</name>
         <load_address>0xf46</load_address>
         <run_address>0xf46</run_address>
         <size>0xa5</size>
         <input_file_ref idref="fl-c9"/>
      </object_component>
      <object_component id="oc-203">
         <name>.debug_line</name>
         <load_address>0xfeb</load_address>
         <run_address>0xfeb</run_address>
         <size>0x20</size>
         <input_file_ref idref="fl-ca"/>
      </object_component>
      <object_component id="oc-129">
         <name>.debug_line</name>
         <load_address>0x100b</load_address>
         <run_address>0x100b</run_address>
         <size>0xa0</size>
         <input_file_ref idref="fl-ca"/>
      </object_component>
      <object_component id="oc-205">
         <name>.debug_line</name>
         <load_address>0x10ab</load_address>
         <run_address>0x10ab</run_address>
         <size>0x20</size>
         <input_file_ref idref="fl-cb"/>
      </object_component>
      <object_component id="oc-12e">
         <name>.debug_line</name>
         <load_address>0x10cb</load_address>
         <run_address>0x10cb</run_address>
         <size>0xaa</size>
         <input_file_ref idref="fl-cb"/>
      </object_component>
      <object_component id="oc-1ff">
         <name>.debug_line</name>
         <load_address>0x1175</load_address>
         <run_address>0x1175</run_address>
         <size>0x2f</size>
         <input_file_ref idref="fl-cc"/>
      </object_component>
      <object_component id="oc-11c">
         <name>.debug_line</name>
         <load_address>0x11a4</load_address>
         <run_address>0x11a4</run_address>
         <size>0x55</size>
         <input_file_ref idref="fl-cc"/>
      </object_component>
      <object_component id="oc-16f">
         <name>.debug_line</name>
         <load_address>0x11f9</load_address>
         <run_address>0x11f9</run_address>
         <size>0x59</size>
         <input_file_ref idref="fl-cc"/>
      </object_component>
      <object_component id="oc-175">
         <name>.debug_line</name>
         <load_address>0x1252</load_address>
         <run_address>0x1252</run_address>
         <size>0x47</size>
         <input_file_ref idref="fl-cc"/>
      </object_component>
      <object_component id="oc-17e">
         <name>.debug_line</name>
         <load_address>0x1299</load_address>
         <run_address>0x1299</run_address>
         <size>0x89</size>
         <input_file_ref idref="fl-cc"/>
      </object_component>
      <object_component id="oc-183">
         <name>.debug_line</name>
         <load_address>0x1322</load_address>
         <run_address>0x1322</run_address>
         <size>0x2f</size>
         <input_file_ref idref="fl-cc"/>
      </object_component>
      <object_component id="oc-8d">
         <name>.debug_line</name>
         <load_address>0x1351</load_address>
         <run_address>0x1351</run_address>
         <size>0x79</size>
         <input_file_ref idref="fl-cd"/>
      </object_component>
      <object_component id="oc-1a3">
         <name>.debug_line</name>
         <load_address>0x13ca</load_address>
         <run_address>0x13ca</run_address>
         <size>0xb7</size>
         <input_file_ref idref="fl-ce"/>
      </object_component>
      <object_component id="oc-de">
         <name>.debug_line</name>
         <load_address>0x1481</load_address>
         <run_address>0x1481</run_address>
         <size>0x6c</size>
         <input_file_ref idref="fl-ce"/>
      </object_component>
      <object_component id="oc-1a7">
         <name>.debug_line</name>
         <load_address>0x14ed</load_address>
         <run_address>0x14ed</run_address>
         <size>0x2e</size>
         <input_file_ref idref="fl-ce"/>
      </object_component>
      <object_component id="oc-20c">
         <name>.debug_line</name>
         <load_address>0x151b</load_address>
         <run_address>0x151b</run_address>
         <size>0x92</size>
         <input_file_ref idref="fl-ce"/>
      </object_component>
      <object_component id="oc-1ac">
         <name>.debug_line</name>
         <load_address>0x15ad</load_address>
         <run_address>0x15ad</run_address>
         <size>0x8f</size>
         <input_file_ref idref="fl-ce"/>
      </object_component>
      <object_component id="oc-1b1">
         <name>.debug_line</name>
         <load_address>0x163c</load_address>
         <run_address>0x163c</run_address>
         <size>0x8b</size>
         <input_file_ref idref="fl-ce"/>
      </object_component>
      <object_component id="oc-96">
         <name>.debug_line</name>
         <load_address>0x16c7</load_address>
         <run_address>0x16c7</run_address>
         <size>0x40</size>
         <input_file_ref idref="fl-cf"/>
      </object_component>
      <object_component id="oc-282">
         <name>.debug_line</name>
         <load_address>0x1707</load_address>
         <run_address>0x1707</run_address>
         <size>0x30e</size>
         <input_file_ref idref="fl-d1"/>
      </object_component>
      <object_component id="oc-1bf">
         <name>.debug_line</name>
         <load_address>0x1a15</load_address>
         <run_address>0x1a15</run_address>
         <size>0x7a</size>
         <input_file_ref idref="fl-d1"/>
      </object_component>
      <object_component id="oc-249">
         <name>.debug_line</name>
         <load_address>0x1a8f</load_address>
         <run_address>0x1a8f</run_address>
         <size>0x51</size>
         <input_file_ref idref="fl-d1"/>
      </object_component>
      <object_component id="oc-24f">
         <name>.debug_line</name>
         <load_address>0x1ae0</load_address>
         <run_address>0x1ae0</run_address>
         <size>0x88</size>
         <input_file_ref idref="fl-d1"/>
      </object_component>
      <object_component id="oc-1ca">
         <name>.debug_line</name>
         <load_address>0x1b68</load_address>
         <run_address>0x1b68</run_address>
         <size>0x14d</size>
         <input_file_ref idref="fl-d1"/>
      </object_component>
      <object_component id="oc-256">
         <name>.debug_line</name>
         <load_address>0x1cb5</load_address>
         <run_address>0x1cb5</run_address>
         <size>0xe9</size>
         <input_file_ref idref="fl-d1"/>
      </object_component>
      <object_component id="oc-25c">
         <name>.debug_line</name>
         <load_address>0x1d9e</load_address>
         <run_address>0x1d9e</run_address>
         <size>0x5d</size>
         <input_file_ref idref="fl-d1"/>
      </object_component>
      <object_component id="oc-1d0">
         <name>.debug_line</name>
         <load_address>0x1dfb</load_address>
         <run_address>0x1dfb</run_address>
         <size>0x5c</size>
         <input_file_ref idref="fl-d1"/>
      </object_component>
      <object_component id="oc-1d6">
         <name>.debug_line</name>
         <load_address>0x1e57</load_address>
         <run_address>0x1e57</run_address>
         <size>0xae</size>
         <input_file_ref idref="fl-d1"/>
      </object_component>
      <object_component id="oc-1dc">
         <name>.debug_line</name>
         <load_address>0x1f05</load_address>
         <run_address>0x1f05</run_address>
         <size>0x1b0</size>
         <input_file_ref idref="fl-d1"/>
      </object_component>
      <object_component id="oc-16b">
         <name>.debug_line</name>
         <load_address>0x20b5</load_address>
         <run_address>0x20b5</run_address>
         <size>0x6dd</size>
         <input_file_ref idref="fl-d1"/>
      </object_component>
      <object_component id="oc-1f5">
         <name>.debug_line</name>
         <load_address>0x2792</load_address>
         <run_address>0x2792</run_address>
         <size>0x8a</size>
         <input_file_ref idref="fl-d1"/>
      </object_component>
      <object_component id="oc-286">
         <name>.debug_line</name>
         <load_address>0x281c</load_address>
         <run_address>0x281c</run_address>
         <size>0x8a</size>
         <input_file_ref idref="fl-d1"/>
      </object_component>
      <object_component id="oc-2c5">
         <name>.debug_line</name>
         <load_address>0x28a6</load_address>
         <run_address>0x28a6</run_address>
         <size>0x92</size>
         <input_file_ref idref="fl-d1"/>
      </object_component>
      <object_component id="oc-28b">
         <name>.debug_line</name>
         <load_address>0x2938</load_address>
         <run_address>0x2938</run_address>
         <size>0x8f</size>
         <input_file_ref idref="fl-d1"/>
      </object_component>
      <object_component id="oc-1fa">
         <name>.debug_line</name>
         <load_address>0x29c7</load_address>
         <run_address>0x29c7</run_address>
         <size>0x2e</size>
         <input_file_ref idref="fl-d1"/>
      </object_component>
      <object_component id="oc-291">
         <name>.debug_line</name>
         <load_address>0x29f5</load_address>
         <run_address>0x29f5</run_address>
         <size>0x89</size>
         <input_file_ref idref="fl-d2"/>
      </object_component>
      <object_component id="oc-1b6">
         <name>.debug_line</name>
         <load_address>0x2a7e</load_address>
         <run_address>0x2a7e</run_address>
         <size>0x63</size>
         <input_file_ref idref="fl-d2"/>
      </object_component>
      <object_component id="oc-2c8">
         <name>.debug_line</name>
         <load_address>0x2ae1</load_address>
         <run_address>0x2ae1</run_address>
         <size>0x20</size>
         <input_file_ref idref="fl-d3"/>
      </object_component>
      <object_component id="oc-28e">
         <name>.debug_line</name>
         <load_address>0x2b01</load_address>
         <run_address>0x2b01</run_address>
         <size>0x2b</size>
         <input_file_ref idref="fl-d3"/>
      </object_component>
      <object_component id="oc-2cb">
         <name>.debug_line</name>
         <load_address>0x2b2c</load_address>
         <run_address>0x2b2c</run_address>
         <size>0x20</size>
         <input_file_ref idref="fl-d4"/>
      </object_component>
      <object_component id="oc-237">
         <name>.debug_line</name>
         <load_address>0x2b4c</load_address>
         <run_address>0x2b4c</run_address>
         <size>0x66</size>
         <input_file_ref idref="fl-d4"/>
      </object_component>
      <object_component id="oc-2b6">
         <name>.debug_line</name>
         <load_address>0x2bb2</load_address>
         <run_address>0x2bb2</run_address>
         <size>0x20</size>
         <input_file_ref idref="fl-d5"/>
      </object_component>
      <object_component id="oc-1e2">
         <name>.debug_line</name>
         <load_address>0x2bd2</load_address>
         <run_address>0x2bd2</run_address>
         <size>0x48</size>
         <input_file_ref idref="fl-d5"/>
      </object_component>
      <object_component id="oc-2d7">
         <name>.debug_line</name>
         <load_address>0x2c1a</load_address>
         <run_address>0x2c1a</run_address>
         <size>0x20</size>
         <input_file_ref idref="fl-d6"/>
      </object_component>
      <object_component id="oc-26d">
         <name>.debug_line</name>
         <load_address>0x2c3a</load_address>
         <run_address>0x2c3a</run_address>
         <size>0xa8</size>
         <input_file_ref idref="fl-d6"/>
      </object_component>
      <object_component id="oc-2cd">
         <name>.debug_line</name>
         <load_address>0x2ce2</load_address>
         <run_address>0x2ce2</run_address>
         <size>0x20</size>
         <input_file_ref idref="fl-d7"/>
      </object_component>
      <object_component id="oc-264">
         <name>.debug_line</name>
         <load_address>0x2d02</load_address>
         <run_address>0x2d02</run_address>
         <size>0x5e</size>
         <input_file_ref idref="fl-d7"/>
      </object_component>
      <object_component id="oc-2d1">
         <name>.debug_line</name>
         <load_address>0x2d60</load_address>
         <run_address>0x2d60</run_address>
         <size>0x92</size>
         <input_file_ref idref="fl-d7"/>
      </object_component>
      <object_component id="oc-2a9">
         <name>.debug_line</name>
         <load_address>0x2df2</load_address>
         <run_address>0x2df2</run_address>
         <size>0x8f</size>
         <input_file_ref idref="fl-d7"/>
      </object_component>
      <object_component id="oc-2d5">
         <name>.debug_line</name>
         <load_address>0x2e81</load_address>
         <run_address>0x2e81</run_address>
         <size>0x93</size>
         <input_file_ref idref="fl-d8"/>
      </object_component>
      <object_component id="oc-26a">
         <name>.debug_line</name>
         <load_address>0x2f14</load_address>
         <run_address>0x2f14</run_address>
         <size>0x9c</size>
         <input_file_ref idref="fl-d8"/>
      </object_component>
      <object_component id="oc-2af">
         <name>.debug_line</name>
         <load_address>0x2fb0</load_address>
         <run_address>0x2fb0</run_address>
         <size>0x45</size>
         <input_file_ref idref="fl-d9"/>
      </object_component>
      <object_component id="oc-2bd">
         <name>.debug_line</name>
         <load_address>0x2ff5</load_address>
         <run_address>0x2ff5</run_address>
         <size>0x20</size>
         <input_file_ref idref="fl-da"/>
      </object_component>
      <object_component id="oc-1e8">
         <name>.debug_line</name>
         <load_address>0x3015</load_address>
         <run_address>0x3015</run_address>
         <size>0x46</size>
         <input_file_ref idref="fl-da"/>
      </object_component>
      <object_component id="oc-2ba">
         <name>.debug_line</name>
         <load_address>0x305b</load_address>
         <run_address>0x305b</run_address>
         <size>0x92</size>
         <input_file_ref idref="fl-da"/>
      </object_component>
      <object_component id="oc-279">
         <name>.debug_line</name>
         <load_address>0x30ed</load_address>
         <run_address>0x30ed</run_address>
         <size>0x89</size>
         <input_file_ref idref="fl-da"/>
      </object_component>
      <object_component id="oc-244">
         <name>.debug_line</name>
         <load_address>0x3176</load_address>
         <run_address>0x3176</run_address>
         <size>0xd2</size>
         <input_file_ref idref="fl-db"/>
      </object_component>
      <object_component id="oc-1c5">
         <name>.debug_line</name>
         <load_address>0x3248</load_address>
         <run_address>0x3248</run_address>
         <size>0x77</size>
         <input_file_ref idref="fl-dc"/>
      </object_component>
      <object_component id="oc-22f">
         <name>.debug_line</name>
         <load_address>0x32bf</load_address>
         <run_address>0x32bf</run_address>
         <size>0x77</size>
         <input_file_ref idref="fl-dc"/>
      </object_component>
      <object_component id="oc-22a">
         <name>.debug_line</name>
         <load_address>0x3336</load_address>
         <run_address>0x3336</run_address>
         <size>0xa8</size>
         <input_file_ref idref="fl-dd"/>
      </object_component>
      <object_component id="oc-225">
         <name>.debug_line</name>
         <load_address>0x33de</load_address>
         <run_address>0x33de</run_address>
         <size>0x8e</size>
         <input_file_ref idref="fl-de"/>
      </object_component>
      <object_component id="oc-232">
         <name>.debug_line</name>
         <load_address>0x346c</load_address>
         <run_address>0x346c</run_address>
         <size>0x5a</size>
         <input_file_ref idref="fl-df"/>
      </object_component>
      <object_component id="oc-23f">
         <name>.debug_line</name>
         <load_address>0x34c6</load_address>
         <run_address>0x34c6</run_address>
         <size>0x50</size>
         <input_file_ref idref="fl-e0"/>
      </object_component>
      <object_component id="oc-21b">
         <name>.debug_line</name>
         <load_address>0x3516</load_address>
         <run_address>0x3516</run_address>
         <size>0x81</size>
         <input_file_ref idref="fl-e1"/>
      </object_component>
      <object_component id="oc-2c1">
         <name>.debug_line</name>
         <load_address>0x3597</load_address>
         <run_address>0x3597</run_address>
         <size>0x20</size>
         <input_file_ref idref="fl-e2"/>
      </object_component>
      <object_component id="oc-2bf">
         <name>.debug_line</name>
         <load_address>0x35b7</load_address>
         <run_address>0x35b7</run_address>
         <size>0x2b</size>
         <input_file_ref idref="fl-e2"/>
      </object_component>
      <object_component id="oc-1ee">
         <name>.debug_line</name>
         <load_address>0x35e2</load_address>
         <run_address>0x35e2</run_address>
         <size>0x40</size>
         <input_file_ref idref="fl-e2"/>
      </object_component>
      <object_component id="oc-293">
         <name>.debug_line</name>
         <load_address>0x3622</load_address>
         <run_address>0x3622</run_address>
         <size>0x37</size>
         <input_file_ref idref="fl-e3"/>
      </object_component>
      <object_component id="oc-9d">
         <name>.debug_frame</name>
         <load_address>0x0</load_address>
         <run_address>0x0</run_address>
         <size>0x58</size>
         <input_file_ref idref="fl-2"/>
      </object_component>
      <object_component id="oc-118">
         <name>.debug_frame</name>
         <load_address>0x58</load_address>
         <run_address>0x58</run_address>
         <size>0x58</size>
         <input_file_ref idref="fl-3"/>
      </object_component>
      <object_component id="oc-c5">
         <name>.debug_frame</name>
         <load_address>0xb0</load_address>
         <run_address>0xb0</run_address>
         <size>0x158</size>
         <input_file_ref idref="fl-3"/>
      </object_component>
      <object_component id="oc-111">
         <name>.debug_frame</name>
         <load_address>0x208</load_address>
         <run_address>0x208</run_address>
         <size>0xd8</size>
         <input_file_ref idref="fl-4"/>
      </object_component>
      <object_component id="oc-26">
         <name>.debug_frame</name>
         <load_address>0x2e0</load_address>
         <run_address>0x2e0</run_address>
         <size>0x90</size>
[...]
         <contents>
            <object_component_ref idref="oc-6e"/>
            <object_component_ref idref="oc-34"/>
            <object_component_ref idref="oc-ab"/>
            <object_component_ref idref="oc-73"/>
            <object_component_ref idref="oc-190"/>
            <object_component_ref idref="oc-13b"/>
            <object_component_ref idref="oc-163"/>
            <object_component_ref idref="oc-87"/>
            <object_component_ref idref="oc-b8"/>
            <object_component_ref idref="oc-3f"/>
            <object_component_ref idref="oc-7f"/>
            <object_component_ref idref="oc-2f"/>
            <object_component_ref idref="oc-b1"/>
            <object_component_ref idref="oc-78"/>
            <object_component_ref idref="oc-17c"/>
            <object_component_ref idref="oc-181"/>
            <object_component_ref idref="oc-1a5"/>
            <object_component_ref idref="oc-20a"/>
            <object_component_ref idref="oc-1aa"/>
            <object_component_ref idref="oc-1af"/>
            <object_component_ref idref="oc-1f3"/>
            <object_component_ref idref="oc-284"/>
            <object_component_ref idref="oc-2c3"/>
            <object_component_ref idref="oc-289"/>
            <object_component_ref idref="oc-1f8"/>
            <object_component_ref idref="oc-2cf"/>
            <object_component_ref idref="oc-2a7"/>
            <object_component_ref idref="oc-2b8"/>
            <object_component_ref idref="oc-277"/>
         </contents>
      </logical_group>
      <load_segment id="lg-30c" display="no" color="cyan">
         <name>SEGMENT_0</name>
         <load_address>0x0</load_address>
         <run_address>0x0</run_address>
         <size>0x2868</size>
         <flags>0x5</flags>
         <contents>
            <logical_group_ref idref="lg-3"/>
            <logical_group_ref idref="lg-4"/>
            <logical_group_ref idref="lg-5"/>
            <logical_group_ref idref="lg-6"/>
         </contents>
      </load_segment>
      <load_segment id="lg-30d" display="no" color="cyan">
         <name>SEGMENT_1</name>
         <run_address>0x20000000</run_address>
         <size>0x1059</size>
         <flags>0x6</flags>
         <contents>
            <logical_group_ref idref="lg-d"/>
            <logical_group_ref idref="lg-b"/>
            <logical_group_ref idref="lg-a"/>
         </contents>
      </load_segment>
   </logical_group_list>
   <placement_map>
      <memory_area display="yes" color="green">
         <name>FLASH</name>
         <page_id>0x0</page_id>
         <origin>0x0</origin>
         <length>0x40000</length>
         <used_space>0x2866</used_space>
         <unused_space>0x3d79a</unused_space>
         <attributes>RX</attributes>
         <usage_details>
            <allocated_space>
               <start_address>0x0</start_address>
               <size>0x26c</size>
               <logical_group_ref idref="lg-3"/>
            </allocated_space>
            <allocated_space>
               <start_address>0x26c</start_address>
               <size>0x24ac</size>
               <logical_group_ref idref="lg-4"/>
            </allocated_space>
            <allocated_space>
               <start_address>0x2718</start_address>
               <size>0x11e</size>
               <logical_group_ref idref="lg-5"/>
            </allocated_space>
            <available_space>
               <start_address>0x2836</start_address>
               <size>0x2</size>
            </available_space>
            <allocated_space>
               <start_address>0x2838</start_address>
               <size>0x30</size>
               <logical_group_ref idref="lg-6"/>
            </allocated_space>
            <available_space>
               <start_address>0x2868</start_address>
               <size>0x3d798</size>
            </available_space>
         </usage_details>
      </memory_area>
      <memory_area display="yes" color="green">
         <name>SRAM</name>
         <page_id>0x0</page_id>
         <origin>0x20000000</origin>
         <length>0x8000</length>
         <used_space>0x1059</used_space>
         <unused_space>0x6fa7</unused_space>
         <attributes>RWX</attributes>
         <usage_details>
            <allocated_space>
               <start_address>0x20000000</start_address>
               <size>0x1000</size>
               <logical_group_ref idref="lg-d"/>
            </allocated_space>
            <allocated_space>
               <start_address>0x20001000</start_address>
               <size>0x54</size>
               <logical_group_ref idref="lg-b"/>
            </allocated_space>
            <allocated_space>
               <start_address>0x20001054</start_address>
               <size>0x5</size>
               <logical_group_ref idref="lg-a"/>
            </allocated_space>
            <available_space>
               <start_address>0x20001059</start_address>
               <size>0x6fa7</size>
            </available_space>
         </usage_details>
      </memory_area>
   </placement_map>
   <cptbl_list>
      <cptbl>
         <name>__TI_cinit_table</name>
         <cprec>
            <name>.bss</name>
            <load_address>0x2848</load_address>
            <load_size>0x8</load_size>
            <run_address>0x20001000</run_address>
            <run_size>0x54</run_size>
            <compression>zero_init</compression>
         </cprec>
         <cprec>
            <name>.data</name>
            <load_address>0x2850</load_address>
            <load_size>0x7</load_size>
            <run_address>0x20001054</run_address>
            <run_size>0x5</run_size>
            <compression>lzss</compression>
         </cprec>
      </cptbl>
   </cptbl_list>
   <handler_table>
      <handler_table_name>__TI_handler_table</handler_table_name>
      <handler>
         <index>0x0</index>
         <name>__TI_decompress_lzss</name>
      </handler>
      <handler>
         <index>0x1</index>
         <name>__TI_decompress_none</name>
      </handler>
      <handler>
         <index>0x2</index>
         <name>__TI_zero_init</name>
      </handler>
   </handler_table>
   <symbol_table>
      <symbol id="sm-1">
         <name>__STACK_TOP</name>
         <value>0x20000200</value>
      </symbol>
      <symbol id="sm-2">
         <name>__TI_CINIT_Base</name>
         <value>0x2858</value>
      </symbol>
      <symbol id="sm-3">
         <name>__TI_CINIT_Limit</name>
         <value>0x2868</value>
      </symbol>
      <symbol id="sm-4">
         <name>__TI_Handler_Table_Base</name>
         <value>0x2838</value>
      </symbol>
      <symbol id="sm-5">
         <name>__TI_Handler_Table_Limit</name>
         <value>0x2844</value>
      </symbol>
      <symbol id="sm-6">
         <name>binit</name>
         <value>0xffffffff</value>
      </symbol>
      <symbol id="sm-7">
         <name>__binit__</name>
         <value>0xffffffff</value>
      </symbol>
      <symbol id="sm-8">
         <name>__STACK_SIZE</name>
         <value>0x1000</value>
      </symbol>
      <symbol id="sm-9">
         <name>__STACK_END</name>
         <value>0x20001000</value>
      </symbol>
      <symbol id="sm-a">
         <name>__c_args__</name>
         <value>0xffffffff</value>
      </symbol>
      <symbol id="sm-b">
         <name>__TI_pprof_out_hndl</name>
         <value>0xffffffff</value>
      </symbol>
      <symbol id="sm-c">
         <name>__TI_prof_data_start</name>
         <value>0xffffffff</value>
      </symbol>
      <symbol id="sm-d">
         <name>__TI_prof_data_size</name>
         <value>0xffffffff</value>
      </symbol>
      <symbol id="sm-50">
         <name>main</name>
         <value>0x25c1</value>
         <object_component_ref idref="oc-98"/>
      </symbol>
      <symbol id="sm-a0">
         <name>shift_left</name>
         <value>0x1021</value>
         <object_component_ref idref="oc-c0"/>
      </symbol>
      <symbol id="sm-a1">
         <name>lcd_rotatingBanner</name>
         <value>0xf99</value>
         <object_component_ref idref="oc-c0"/>
      </symbol>
      <symbol id="sm-a2">
         <name>lcd_sendCommand</name>
         <value>0xde3</value>
         <object_component_ref idref="oc-c0"/>
      </symbol>
      <symbol id="sm-a3">
         <name>lcd_sendNibble</name>
         <value>0xe21</value>
         <object_component_ref idref="oc-c0"/>
      </symbol>
      <symbol id="sm-a4">
         <name>lcd_clear</name>
         <value>0x26df</value>
         <object_component_ref idref="oc-113"/>
      </symbol>
      <symbol id="sm-a5">
         <name>lcd_printf</name>
         <value>0xecb</value>
         <object_component_ref idref="oc-c0"/>
      </symbol>
      <symbol id="sm-a6">
         <name>lcd_setCursorPos</name>
         <value>0xe8d</value>
         <object_component_ref idref="oc-c0"/>
      </symbol>
      <symbol id="sm-a7">
         <name>lcd_init</name>
         <value>0xccd</value>
         <object_component_ref idref="oc-c0"/>
      </symbol>
      <symbol id="sm-a8">
         <name>lcd_puts</name>
         <value>0xdc5</value>
         <object_component_ref idref="oc-c0"/>
      </symbol>
      <symbol id="sm-a9">
         <name>lcd_putc</name>
         <value>0xd8d</value>
         <object_component_ref idref="oc-c0"/>
      </symbol>
      <symbol id="sm-aa">
         <name>lcd_gotoLine</name>
         <value>0xe65</value>
         <object_component_ref idref="oc-c0"/>
      </symbol>
      <symbol id="sm-d0">
         <name>timer_startClock</name>
         <value>0x1745</value>
         <object_component_ref idref="oc-10d"/>
      </symbol>
      <symbol id="sm-d1">
         <name>timer_stopClock</name>
         <value>0x1797</value>
         <object_component_ref idref="oc-10d"/>
      </symbol>
      <symbol id="sm-d2">
         <name>timer_getClock</name>
         <value>0x1791</value>
         <object_component_ref idref="oc-10d"/>
      </symbol>
      <symbol id="sm-d3">
         <name>timer_stopTimer</name>
         <value>0x172f</value>
         <object_component_ref idref="oc-10d"/>
      </symbol>
      <symbol id="sm-d4">
         <name>timer_startTimer</name>
         <value>0x16df</value>
         <object_component_ref idref="oc-10d"/>
      </symbol>
      <symbol id="sm-d5">
         <name>timer_waitMillis</name>
         <value>0x1681</value>
         <object_component_ref idref="oc-10d"/>
      </symbol>
      <symbol id="sm-d6">
         <name>timer_waitMicros</name>
         <value>0x16b5</value>
         <object_component_ref idref="oc-10d"/>
      </symbol>
      <symbol id="sm-f2">
         <name>ResetISR</name>
         <value>0x26fd</value>
         <object_component_ref idref="oc-24"/>
      </symbol>
      <symbol id="sm-f3">
         <name>g_pfnVectors</name>
         <value>0x0</value>
         <object_component_ref idref="oc-f"/>
      </symbol>
      <symbol id="sm-113">
         <name>uart_sendChar</name>
         <value>0x1dfd</value>
         <object_component_ref idref="oc-c6"/>
      </symbol>
      <symbol id="sm-114">
         <name>uart_init</name>
         <value>0x1d79</value>
         <object_component_ref idref="oc-c6"/>
      </symbol>
      <symbol id="sm-115">
         <name>uart_receive</name>
         <value>0x1e09</value>
         <object_component_ref idref="oc-c6"/>
      </symbol>
      <symbol id="sm-130">
         <name>memcpy</name>
         <value>0x1f13</value>
         <object_component_ref idref="oc-38"/>
      </symbol>
      <symbol id="sm-131">
         <name>__aeabi_memcpy</name>
         <value>0x1f13</value>
         <object_component_ref idref="oc-38"/>
      </symbol>
      <symbol id="sm-132">
         <name>__aeabi_memcpy8</name>
         <value>0x1f13</value>
         <object_component_ref idref="oc-38"/>
      </symbol>
      <symbol id="sm-133">
         <name>__aeabi_memcpy4</name>
         <value>0x1f13</value>
         <object_component_ref idref="oc-38"/>
      </symbol>
      <symbol id="sm-14c">
         <name>__TI_zero_init_nomemset</name>
         <value>0x26bb</value>
         <object_component_ref idref="oc-44"/>
      </symbol>
      <symbol id="sm-163">
         <name>__TI_decompress_none</name>
         <value>0x26ef</value>
         <object_component_ref idref="oc-18"/>
      </symbol>
      <symbol id="sm-186">
         <name>__TI_decompress_lzss</name>
         <value>0x2239</value>
         <object_component_ref idref="oc-12"/>
      </symbol>
      <symbol id="sm-199">
         <name>__stack</name>
         <value>0x20000000</value>
         <object_component_ref idref="oc-21"/>
      </symbol>
      <symbol id="sm-19a">
         <name>_c_int00_noargs</name>
         <value>0x2559</value>
         <object_component_ref idref="oc-56"/>
      </symbol>
      <symbol id="sm-1a5">
         <name>C$$EXIT</name>
         <value>0x2715</value>
         <object_component_ref idref="oc-cd"/>
      </symbol>
      <symbol id="sm-1a6">
         <name>abort</name>
         <value>0x2715</value>
         <object_component_ref idref="oc-cd"/>
      </symbol>
      <symbol id="sm-1b7">
         <name>strcmp</name>
         <value>0x2651</value>
         <object_component_ref idref="oc-120"/>
      </symbol>
      <symbol id="sm-1c5">
         <name>strcpy</name>
         <value>0x2693</value>
         <object_component_ref idref="oc-126"/>
      </symbol>
      <symbol id="sm-1d3">
         <name>strlen</name>
         <value>0x26a7</value>
         <object_component_ref idref="oc-12c"/>
      </symbol>
      <symbol id="sm-202">
         <name>vsnprintf</name>
         <value>0x24d9</value>
         <object_component_ref idref="oc-11a"/>
      </symbol>
      <symbol id="sm-211">
         <name>__aeabi_memset</name>
         <value>0x2153</value>
         <object_component_ref idref="oc-8c"/>
      </symbol>
      <symbol id="sm-212">
         <name>memset</name>
         <value>0x2159</value>
         <object_component_ref idref="oc-8c"/>
      </symbol>
      <symbol id="sm-213">
         <name>__aeabi_memset8</name>
         <value>0x2153</value>
         <object_component_ref idref="oc-8c"/>
      </symbol>
      <symbol id="sm-214">
         <name>__aeabi_memset4</name>
         <value>0x2153</value>
         <object_component_ref idref="oc-8c"/>
      </symbol>
      <symbol id="sm-215">
         <name>__aeabi_memclr8</name>
         <value>0x2151</value>
         <object_component_ref idref="oc-8c"/>
      </symbol>
      <symbol id="sm-216">
         <name>__aeabi_memclr4</name>
         <value>0x2151</value>
         <object_component_ref idref="oc-8c"/>
      </symbol>
      <symbol id="sm-217">
         <name>__aeabi_memclr</name>
         <value>0x2151</value>
         <object_component_ref idref="oc-8c"/>
      </symbol>
      <symbol id="sm-23f">
         <name>__TI_auto_init_nobinit_nopinit</name>
         <value>0x2495</value>
         <object_component_ref idref="oc-d9"/>
      </symbol>
      <symbol id="sm-249">
         <name>_system_pre_init</name>
         <value>0x2711</value>
         <object_component_ref idref="oc-92"/>
      </symbol>
      <symbol id="sm-3af">
         <name>__TI_printfi</name>
         <value>0x26d</value>
         <object_component_ref idref="oc-167"/>
      </symbol>
      <symbol id="sm-3c5">
         <name>atoi</name>
         <value>0x2401</value>
         <object_component_ref idref="oc-1b5"/>
      </symbol>
      <symbol id="sm-3d0">
         <name>_ctypes_</name>
         <value>0x2718</value>
         <object_component_ref idref="oc-215"/>
      </symbol>
      <symbol id="sm-3df">
         <name>ltoa</name>
         <value>0x235b</value>
         <object_component_ref idref="oc-235"/>
      </symbol>
      <symbol id="sm-3ef">
         <name>memccpy</name>
         <value>0x261d</value>
         <object_component_ref idref="oc-1de"/>
      </symbol>
      <symbol id="sm-3ff">
         <name>strchr</name>
         <value>0x2669</value>
         <object_component_ref idref="oc-26c"/>
      </symbol>
      <symbol id="sm-41f">
         <name>frexpl</name>
         <value>0x22a1</value>
         <object_component_ref idref="oc-260"/>
      </symbol>
      <symbol id="sm-420">
         <name>frexp</name>
         <value>0x22a1</value>
         <object_component_ref idref="oc-260"/>
      </symbol>
      <symbol id="sm-43d">
         <name>scalbn</name>
         <value>0x1b6d</value>
         <object_component_ref idref="oc-266"/>
      </symbol>
      <symbol id="sm-43e">
         <name>scalbnl</name>
         <value>0x1b6d</value>
         <object_component_ref idref="oc-266"/>
      </symbol>
      <symbol id="sm-43f">
         <name>ldexpl</name>
         <value>0x1b6d</value>
         <object_component_ref idref="oc-266"/>
      </symbol>
      <symbol id="sm-440">
         <name>ldexp</name>
         <value>0x1b6d</value>
         <object_component_ref idref="oc-266"/>
      </symbol>
      <symbol id="sm-44a">
         <name>copysign</name>
         <value>0x267f</value>
         <object_component_ref idref="oc-2ab"/>
      </symbol>
      <symbol id="sm-44b">
         <name>copysignl</name>
         <value>0x267f</value>
         <object_component_ref idref="oc-2ab"/>
      </symbol>
      <symbol id="sm-464">
         <name>wcslen</name>
         <value>0x26cd</value>
         <object_component_ref idref="oc-1e4"/>
      </symbol>
      <symbol id="sm-47b">
         <name>__aeabi_dsub</name>
         <value>0x14c9</value>
         <object_component_ref idref="oc-240"/>
      </symbol>
      <symbol id="sm-47c">
         <name>__aeabi_dadd</name>
         <value>0x14d3</value>
         <object_component_ref idref="oc-240"/>
      </symbol>
      <symbol id="sm-49e">
         <name>__aeabi_cdcmpeq</name>
         <value>0x2045</value>
         <object_component_ref idref="oc-1c1"/>
      </symbol>
      <symbol id="sm-49f">
         <name>__aeabi_cdcmple</name>
         <value>0x2045</value>
         <object_component_ref idref="oc-1c1"/>
      </symbol>
      <symbol id="sm-4a0">
         <name>__aeabi_cdrcmple</name>
         <value>0x20cb</value>
         <object_component_ref idref="oc-22b"/>
      </symbol>
      <symbol id="sm-4b4">
         <name>__aeabi_ddiv</name>
         <value>0x1915</value>
         <object_component_ref idref="oc-226"/>
      </symbol>
      <symbol id="sm-4bf">
         <name>__aeabi_dmul</name>
         <value>0x1c7d</value>
         <object_component_ref idref="oc-221"/>
      </symbol>
      <symbol id="sm-4c9">
         <name>__aeabi_d2iz</name>
         <value>0x244d</value>
         <object_component_ref idref="oc-230"/>
      </symbol>
      <symbol id="sm-4d3">
         <name>__aeabi_i2d</name>
         <value>0x25ef</value>
         <object_component_ref idref="oc-23b"/>
      </symbol>
      <symbol id="sm-4e0">
         <name>__aeabi_uldivmod</name>
         <value>0x1faf</value>
         <object_component_ref idref="oc-21a"/>
      </symbol>
      <symbol id="sm-4f6">
         <name>__aeabi_errno_addr</name>
         <value>0x2709</value>
         <object_component_ref idref="oc-1ea"/>
      </symbol>
      <symbol id="sm-4f7">
         <name>errno</name>
         <value>0x20001054</value>
         <object_component_ref idref="oc-27c"/>
      </symbol>
      <symbol id="sm-501">
         <name>__aeabi_idiv0</name>
         <value>0xccb</value>
         <object_component_ref idref="oc-292"/>
      </symbol>
      <symbol id="sm-502">
         <name>__aeabi_ldiv0</name>
         <value>0xccb</value>
         <object_component_ref idref="oc-292"/>
      </symbol>
      <symbol id="sm-503">
         <name>__TI_static_base__</name>
         <value>0x0</value>
      </symbol>
      <symbol id="sm-506">
         <name>__mpu_init</name>
         <value>0x0</value>
      </symbol>
      <symbol id="sm-507">
         <name>_system_post_cinit</name>
         <value>0x0</value>
      </symbol>
   </symbol_table>
   <title>Link successful</title>
</link_info>
